Archive member included because of file (symbol)

c:/chibistudio/tools/gnu tools arm embedded/4.7 2013q1/bin/../lib/gcc/arm-none-eabi/4.7.3/../../../../arm-none-eabi/lib/armv7e-m\libm.a(lib_a-sf_cos.o)
                              build/obj/main.o (cosf)
c:/chibistudio/tools/gnu tools arm embedded/4.7 2013q1/bin/../lib/gcc/arm-none-eabi/4.7.3/../../../../arm-none-eabi/lib/armv7e-m\libm.a(lib_a-sf_sin.o)
                              build/obj/main.o (sinf)
c:/chibistudio/tools/gnu tools arm embedded/4.7 2013q1/bin/../lib/gcc/arm-none-eabi/4.7.3/../../../../arm-none-eabi/lib/armv7e-m\libm.a(lib_a-wf_atan2.o)
                              build/obj/main.o (atan2f)
c:/chibistudio/tools/gnu tools arm embedded/4.7 2013q1/bin/../lib/gcc/arm-none-eabi/4.7.3/../../../../arm-none-eabi/lib/armv7e-m\libm.a(lib_a-wf_pow.o)
                              build/obj/main.o (powf)
c:/chibistudio/tools/gnu tools arm embedded/4.7 2013q1/bin/../lib/gcc/arm-none-eabi/4.7.3/../../../../arm-none-eabi/lib/armv7e-m\libm.a(lib_a-wf_sqrt.o)
                              build/obj/main.o (sqrtf)
c:/chibistudio/tools/gnu tools arm embedded/4.7 2013q1/bin/../lib/gcc/arm-none-eabi/4.7.3/../../../../arm-none-eabi/lib/armv7e-m\libm.a(lib_a-ef_atan2.o)
                              c:/chibistudio/tools/gnu tools arm embedded/4.7 2013q1/bin/../lib/gcc/arm-none-eabi/4.7.3/../../../../arm-none-eabi/lib/armv7e-m\libm.a(lib_a-wf_atan2.o) (__ieee754_atan2f)
c:/chibistudio/tools/gnu tools arm embedded/4.7 2013q1/bin/../lib/gcc/arm-none-eabi/4.7.3/../../../../arm-none-eabi/lib/armv7e-m\libm.a(lib_a-ef_pow.o)
                              c:/chibistudio/tools/gnu tools arm embedded/4.7 2013q1/bin/../lib/gcc/arm-none-eabi/4.7.3/../../../../arm-none-eabi/lib/armv7e-m\libm.a(lib_a-wf_pow.o) (__ieee754_powf)
c:/chibistudio/tools/gnu tools arm embedded/4.7 2013q1/bin/../lib/gcc/arm-none-eabi/4.7.3/../../../../arm-none-eabi/lib/armv7e-m\libm.a(lib_a-ef_rem_pio2.o)
                              c:/chibistudio/tools/gnu tools arm embedded/4.7 2013q1/bin/../lib/gcc/arm-none-eabi/4.7.3/../../../../arm-none-eabi/lib/armv7e-m\libm.a(lib_a-sf_cos.o) (__ieee754_rem_pio2f)
c:/chibistudio/tools/gnu tools arm embedded/4.7 2013q1/bin/../lib/gcc/arm-none-eabi/4.7.3/../../../../arm-none-eabi/lib/armv7e-m\libm.a(lib_a-ef_sqrt.o)
                              c:/chibistudio/tools/gnu tools arm embedded/4.7 2013q1/bin/../lib/gcc/arm-none-eabi/4.7.3/../../../../arm-none-eabi/lib/armv7e-m\libm.a(lib_a-wf_sqrt.o) (__ieee754_sqrtf)
c:/chibistudio/tools/gnu tools arm embedded/4.7 2013q1/bin/../lib/gcc/arm-none-eabi/4.7.3/../../../../arm-none-eabi/lib/armv7e-m\libm.a(lib_a-kf_cos.o)
                              c:/chibistudio/tools/gnu tools arm embedded/4.7 2013q1/bin/../lib/gcc/arm-none-eabi/4.7.3/../../../../arm-none-eabi/lib/armv7e-m\libm.a(lib_a-sf_cos.o) (__kernel_cosf)
c:/chibistudio/tools/gnu tools arm embedded/4.7 2013q1/bin/../lib/gcc/arm-none-eabi/4.7.3/../../../../arm-none-eabi/lib/armv7e-m\libm.a(lib_a-kf_rem_pio2.o)
                              c:/chibistudio/tools/gnu tools arm embedded/4.7 2013q1/bin/../lib/gcc/arm-none-eabi/4.7.3/../../../../arm-none-eabi/lib/armv7e-m\libm.a(lib_a-ef_rem_pio2.o) (__kernel_rem_pio2f)
c:/chibistudio/tools/gnu tools arm embedded/4.7 2013q1/bin/../lib/gcc/arm-none-eabi/4.7.3/../../../../arm-none-eabi/lib/armv7e-m\libm.a(lib_a-kf_sin.o)
                              c:/chibistudio/tools/gnu tools arm embedded/4.7 2013q1/bin/../lib/gcc/arm-none-eabi/4.7.3/../../../../arm-none-eabi/lib/armv7e-m\libm.a(lib_a-sf_cos.o) (__kernel_sinf)
c:/chibistudio/tools/gnu tools arm embedded/4.7 2013q1/bin/../lib/gcc/arm-none-eabi/4.7.3/../../../../arm-none-eabi/lib/armv7e-m\libm.a(lib_a-s_lib_ver.o)
                              c:/chibistudio/tools/gnu tools arm embedded/4.7 2013q1/bin/../lib/gcc/arm-none-eabi/4.7.3/../../../../arm-none-eabi/lib/armv7e-m\libm.a(lib_a-wf_pow.o) (__fdlib_version)
c:/chibistudio/tools/gnu tools arm embedded/4.7 2013q1/bin/../lib/gcc/arm-none-eabi/4.7.3/../../../../arm-none-eabi/lib/armv7e-m\libm.a(lib_a-s_matherr.o)
                              c:/chibistudio/tools/gnu tools arm embedded/4.7 2013q1/bin/../lib/gcc/arm-none-eabi/4.7.3/../../../../arm-none-eabi/lib/armv7e-m\libm.a(lib_a-wf_pow.o) (matherr)
c:/chibistudio/tools/gnu tools arm embedded/4.7 2013q1/bin/../lib/gcc/arm-none-eabi/4.7.3/../../../../arm-none-eabi/lib/armv7e-m\libm.a(lib_a-s_rint.o)
                              c:/chibistudio/tools/gnu tools arm embedded/4.7 2013q1/bin/../lib/gcc/arm-none-eabi/4.7.3/../../../../arm-none-eabi/lib/armv7e-m\libm.a(lib_a-wf_pow.o) (rint)
c:/chibistudio/tools/gnu tools arm embedded/4.7 2013q1/bin/../lib/gcc/arm-none-eabi/4.7.3/../../../../arm-none-eabi/lib/armv7e-m\libm.a(lib_a-sf_atan.o)
                              c:/chibistudio/tools/gnu tools arm embedded/4.7 2013q1/bin/../lib/gcc/arm-none-eabi/4.7.3/../../../../arm-none-eabi/lib/armv7e-m\libm.a(lib_a-ef_atan2.o) (atanf)
[...]
Memory Configuration

Name             Origin             Length             Attributes
flash            0x08000000         0x00100000
ram              0x20000000         0x0001c000
ethram           0x2001c000         0x00004000
ccmram           0x10000000         0x00010000
*default*        0x00000000         0xffffffff

Linker script and memory map

LOAD build/obj/crt0.o
LOAD build/obj/vectors.o
LOAD build/obj/chcore.o
LOAD build/obj/chcore_v7m.o
LOAD build/obj/nvic.o
LOAD build/obj/chsys.o
LOAD build/obj/chdebug.o
LOAD build/obj/chlists.o
LOAD build/obj/chvt.o
LOAD build/obj/chschd.o
LOAD build/obj/chthreads.o
LOAD build/obj/chdynamic.o
LOAD build/obj/chregistry.o
LOAD build/obj/chsem.o
LOAD build/obj/chmtx.o
LOAD build/obj/chcond.o
LOAD build/obj/chevents.o
LOAD build/obj/chmsg.o
LOAD build/obj/chmboxes.o
LOAD build/obj/chqueues.o
LOAD build/obj/chmemcore.o
LOAD build/obj/chheap.o
LOAD build/obj/chmempools.o
LOAD build/obj/hal.o
LOAD build/obj/adc.o
LOAD build/obj/can.o
LOAD build/obj/dac.o
LOAD build/obj/ext.o
LOAD build/obj/gpt.o
LOAD build/obj/i2c.o
LOAD build/obj/icu.o
LOAD build/obj/mac.o
LOAD build/obj/mmc_spi.o
LOAD build/obj/mmcsd.o
LOAD build/obj/pal.o
LOAD build/obj/pwm.o
LOAD build/obj/rtc.o
LOAD build/obj/sdc.o
LOAD build/obj/serial.o
LOAD build/obj/serial_usb.o
LOAD build/obj/spi.o
LOAD build/obj/tm.o
LOAD build/obj/uart.o
LOAD build/obj/usb.o
LOAD build/obj/stm32_dma.o
LOAD build/obj/hal_lld.o
LOAD build/obj/adc_lld.o
LOAD build/obj/ext_lld_isr.o
LOAD build/obj/can_lld.o
LOAD build/obj/ext_lld.o
LOAD build/obj/mac_lld.o
LOAD build/obj/sdc_lld.o
LOAD build/obj/pal_lld.o
LOAD build/obj/i2c_lld.o
LOAD build/obj/usb_lld.o
LOAD build/obj/rtc_lld.o
LOAD build/obj/spi_lld.o
LOAD build/obj/gpt_lld.o
LOAD build/obj/icu_lld.o
LOAD build/obj/pwm_lld.o
LOAD build/obj/serial_lld.o
LOAD build/obj/uart_lld.o
LOAD build/obj/board.o
LOAD build/obj/chprintf.o
LOAD build/obj/memstreams.o
LOAD build/obj/chrtclib.o
LOAD build/obj/main.o
LOAD build/obj/kb_util.o
LOAD build/obj/oled.o
LOAD c:/chibistudio/tools/gnu tools arm embedded/4.7 2013q1/bin/../lib/gcc/arm-none-eabi/4.7.3/../../../../arm-none-eabi/lib/armv7e-m\libm.a
START GROUP
LOAD c:/chibistudio/tools/gnu tools arm embedded/4.7 2013q1/bin/../lib/gcc/arm-none-eabi/4.7.3/armv7e-m\libgcc.a
LOAD c:/chibistudio/tools/gnu tools arm embedded/4.7 2013q1/bin/../lib/gcc/arm-none-eabi/4.7.3/../../../../arm-none-eabi/lib/armv7e-m\libc.a
END GROUP
                0x00000400                __main_stack_size__ = 0x400
                0x00000400                __process_stack_size__ = 0x400
                0x20000000                __ram_start__ = ORIGIN (ram)
                0x0001c000                __ram_size__ = 0x1c000
                0x2001c000                __ram_end__ = (__ram_start__ + __ram_size__)
                0x00000000                . = 0x0
                0x00000000                _text = .

startup         0x08000000      0x188
 *(vectors)
 vectors        0x08000000      0x188 build/obj/vectors.o
                0x08000000                _vectors

constructors    0x08000188        0x0
                0x08000188                PROVIDE (__init_array_start, .)
 *(SORT(.init_array.*))
 *(.init_array)
                0x08000188                PROVIDE (__init_array_end, .)

destructors     0x08000188        0x0
                0x08000188                PROVIDE (__fini_array_start, .)
 *(.fini_array)
 *(SORT(.fini_array.*))
                0x08000188                PROVIDE (__fini_array_end, .)

.text           0x08000190     0xa624
 *(.text.startup.*)
 .text.startup.main
                0x08000190      0x4c0 build/obj/main.o
                0x08000190                main
 *(.text)
 .text          0x08000650      0x370 c:/chibistudio/tools/gnu tools arm embedded/4.7 2013q1/bin/../lib/gcc/arm-none-eabi/4.7.3/armv7e-m\libgcc.a(_arm_addsubdf3.o)
                0x08000650                __aeabi_drsub
                0x08000658                __aeabi_dsub
                0x08000658                __subdf3
                0x0800065c                __aeabi_dadd
                0x0800065c                __adddf3
                0x080008d4                __floatunsidf
                0x080008d4                __aeabi_ui2d
                0x080008f4                __floatsidf
                0x080008f4                __aeabi_i2d
                0x08000918                __aeabi_f2d
                0x08000918                __extendsfdf2
                0x08000954                __floatundidf
                0x08000954                __aeabi_ul2d
                0x08000964                __floatdidf
                0x08000964                __aeabi_l2d
 .text          0x080009c0      0x424 c:/chibistudio/tools/gnu tools arm embedded/4.7 2013q1/bin/../lib/gcc/arm-none-eabi/4.7.3/armv7e-m\libgcc.a(_arm_muldivdf3.o)
                0x080009c0                __aeabi_dmul
                0x080009c0                __muldf3
                0x08000c14                __divdf3
                0x08000c14                __aeabi_ddiv
 *fill*         0x08000de4        0xc 00
 .text          0x08000df0      0x110 c:/chibistudio/tools/gnu tools arm embedded/4.7 2013q1/bin/../lib/gcc/arm-none-eabi/4.7.3/armv7e-m\libgcc.a(_arm_cmpdf2.o)
                0x08000df0                __gtdf2
                0x08000df0                __gedf2
                0x08000df8                __ltdf2
                0x08000df8                __ledf2
                0x08000e00                __nedf2
                0x08000e00                __eqdf2
                0x08000e00                __cmpdf2
                0x08000e7c                __aeabi_cdrcmple
                0x08000e8c                __aeabi_cdcmpeq
                0x08000e8c                __aeabi_cdcmple
                0x08000e9c                __aeabi_dcmpeq
                0x08000eb0                __aeabi_dcmplt
                0x08000ec4                __aeabi_dcmple
                0x08000ed8                __aeabi_dcmpge
                0x08000eec                __aeabi_dcmpgt
 .text          0x08000f00       0x50 c:/chibistudio/tools/gnu tools arm embedded/4.7 2013q1/bin/../lib/gcc/arm-none-eabi/4.7.3/armv7e-m\libgcc.a(_arm_fixdfsi.o)
                0x08000f00                __aeabi_d2iz
                0x08000f00                __fixdfsi
 .text          0x08000f50       0xa0 c:/chibistudio/tools/gnu tools arm embedded/4.7 2013q1/bin/../lib/gcc/arm-none-eabi/4.7.3/armv7e-m\libgcc.a(_arm_truncdfsf2.o)
                0x08000f50                __truncdfsf2
                0x08000f50                __aeabi_d2f
 .text          0x08000ff0      0x21c c:/chibistudio/tools/gnu tools arm embedded/4.7 2013q1/bin/../lib/gcc/arm-none-eabi/4.7.3/armv7e-m\libgcc.a(_arm_addsubsf3.o)
                0x08000ff0                __aeabi_frsub
                0x08000ff8                __subsf3
                0x08000ff8                __aeabi_fsub
                0x08000ffc                __aeabi_fadd
                0x08000ffc                __addsf3
                0x0800115c                __aeabi_ui2f
                0x0800115c                __floatunsisf
                0x08001164                __aeabi_i2f
                0x08001164                __floatsisf
                0x08001180                __aeabi_ul2f
                0x08001180                __floatundisf
                0x08001190                __aeabi_l2f
                0x08001190                __floatdisf
 *fill*         0x0800120c        0x4 00
 .text          0x08001210      0x2a0 c:/chibistudio/tools/gnu tools arm embedded/4.7 2013q1/bin/../lib/gcc/arm-none-eabi/4.7.3/armv7e-m\libgcc.a(_arm_muldivsf3.o)
                0x08001210                __mulsf3
                0x08001210                __aeabi_fmul
                0x08001378                __aeabi_fdiv
                0x08001378                __divsf3
 .text          0x080014b0       0xec c:/chibistudio/tools/gnu tools arm embedded/4.7 2013q1/bin/../lib/gcc/arm-none-eabi/4.7.3/armv7e-m\libgcc.a(_arm_cmpsf2.o)
                0x080014b0                __gesf2
                0x080014b0                __gtsf2
                0x080014b8                __lesf2
                0x080014b8                __ltsf2
                0x080014c0                __nesf2
                0x080014c0                __eqsf2
                0x080014c0                __cmpsf2
                0x08001520                __aeabi_cfrcmple
                0x08001528                __aeabi_cfcmpeq
                0x08001528                __aeabi_cfcmple
                0x08001538                __aeabi_fcmpeq
                0x0800154c                __aeabi_fcmplt
                0x08001560                __aeabi_fcmple
                0x08001574                __aeabi_fcmpge
                0x08001588                __aeabi_fcmpgt
 *fill*         0x0800159c        0x4 00
 .text          0x080015a0       0x4c c:/chibistudio/tools/gnu tools arm embedded/4.7 2013q1/bin/../lib/gcc/arm-none-eabi/4.7.3/armv7e-m\libgcc.a(_arm_fixsfsi.o)
                0x080015a0                __aeabi_f2iz
                0x080015a0                __fixsfsi
 *(.text.*)
 *fill*         0x080015ec        0x4 00
 .text.__late_init
                0x080015f0       0x10 build/obj/crt0.o
                0x080015f0                __late_init
 .text._default_exit
                0x08001600       0x10 build/obj/crt0.o
                0x08001600                _default_exit
 .text.ResetHandler
                0x08001610      0x200 build/obj/crt0.o
                0x08001610                ResetHandler
 .text._unhandled_exception
                0x08001810       0x10 build/obj/vectors.o
                0x08001810                Vector58
                0x08001810                VectorE8
                0x08001810                Vector9C
                0x08001810                VectorAC
                0x08001810                Vector5C
                0x08001810                NMIVector
                0x08001810                Vector11C
                0x08001810                Vector8C
                0x08001810                VectorDC
                0x08001810                Vector168
                0x08001810                Vector110
                0x08001810                VectorC8
                0x08001810                Vector94
                0x08001810                VectorA8
                0x08001810                VectorB4
                0x08001810                Vector160
                0x08001810                VectorEC
                0x08001810                UsageFaultVector
                0x08001810                DebugMonitorVector
                0x08001810                Vector40
                0x08001810                VectorF8
                0x08001810                Vector108
                0x08001810                VectorBC
                0x08001810                Vector148
                0x08001810                PendSVVector
                0x08001810                Vector118
                0x08001810                Vector64
                0x08001810                VectorCC
                0x08001810                Vector54
                0x08001810                Vector98
                0x08001810                VectorD8
                0x08001810                Vector138
                0x08001810                Vector24
                0x08001810                Vector178
                0x08001810                BusFaultVector
                0x08001810                VectorD0
                0x08001810                Vector140
                0x08001810                VectorE4
                0x08001810                VectorC0
                0x08001810                HardFaultVector
                0x08001810                Vector134
                0x08001810                VectorF0
                0x08001810                Vector13C
                0x08001810                Vector100
                0x08001810                VectorE0
                0x08001810                VectorF4
                0x08001810                MemManageVector
                0x08001810                VectorA0
                0x08001810                VectorC4
                0x08001810                Vector180
                0x08001810                VectorB0
                0x08001810                Vector90
                0x08001810                Vector114
                0x08001810                Vector164
                0x08001810                Vector60
                0x08001810                Vector1C
                0x08001810                Vector17C
                0x08001810                Vector48
                0x08001810                Vector16C
                0x08001810                Vector4C
                0x08001810                Vector144
                0x08001810                Vector15C
                0x08001810                Vector68
                0x08001810                _unhandled_exception
                0x08001810                Vector170
                0x08001810                Vector88
                0x08001810                Vector104
                0x08001810                Vector184
                0x08001810                Vector10C
                0x08001810                Vector14C
                0x08001810                Vector50
                0x08001810                Vector44
                0x08001810                Vector28
                0x08001810                VectorB8
                0x08001810                Vector34
                0x08001810                VectorA4
                0x08001810                Vector20
                0x08001810                Vector174
 .text.port_halt
                0x08001820       0x10 build/obj/chcore.o
                0x08001820                port_halt
 .text._port_switch_from_isr
                0x08001830       0x10 build/obj/chcore_v7m.o
                0x08001830                _port_switch_from_isr
 .text.SVCallVector
                0x08001840       0x30 build/obj/chcore_v7m.o
                0x08001840                SVCallVector
 .text._port_init
                0x08001870       0x40 build/obj/chcore_v7m.o
                0x08001870                _port_init
 .text._port_irq_epilogue
                0x080018b0       0x90 build/obj/chcore_v7m.o
                0x080018b0                _port_irq_epilogue
 .text.SysTickVector
                0x08001940       0x30 build/obj/chcore_v7m.o
                0x08001940                SysTickVector
 .text._port_switch
                0x08001970       0x20 build/obj/chcore_v7m.o
                0x08001970                _port_switch
 .text._port_thread_start
                0x08001990       0x20 build/obj/chcore_v7m.o
                0x08001990                _port_thread_start
 .text.nvicEnableVector
                0x080019b0       0x50 build/obj/nvic.o
                0x080019b0                nvicEnableVector
 .text.nvicSetSystemHandlerPriority
                0x08001a00       0x30 build/obj/nvic.o
                0x08001a00                nvicSetSystemHandlerPriority
 .text._idle_thread
                0x08001a30       0x20 build/obj/chsys.o
                0x08001a30                _idle_thread
 .text.chSysInit
                0x08001a50       0x80 build/obj/chsys.o
                0x08001a50                chSysInit
 .text.chSysTimerHandlerI
                0x08001ad0       0x70 build/obj/chsys.o
                0x08001ad0                chSysTimerHandlerI
 .text.dbg_check_enable
                0x08001b40       0x30 build/obj/chdebug.o
                0x08001b40                dbg_check_enable
 .text.dbg_check_lock
                0x08001b70       0x30 build/obj/chdebug.o
                0x08001b70                dbg_check_lock
 .text.dbg_check_unlock
                0x08001ba0       0x40 build/obj/chdebug.o
                0x08001ba0                dbg_check_unlock
 .text.dbg_check_lock_from_isr
                0x08001be0       0x30 build/obj/chdebug.o
                0x08001be0                dbg_check_lock_from_isr
 .text.dbg_check_unlock_from_isr
                0x08001c10       0x40 build/obj/chdebug.o
                0x08001c10                dbg_check_unlock_from_isr
 .text.dbg_check_enter_isr
                0x08001c50       0x40 build/obj/chdebug.o
                0x08001c50                dbg_check_enter_isr
 .text.dbg_check_leave_isr
                0x08001c90       0x40 build/obj/chdebug.o
                0x08001c90                dbg_check_leave_isr
 .text.chDbgCheckClassI
                0x08001cd0       0x30 build/obj/chdebug.o
                0x08001cd0                chDbgCheckClassI
 .text.chDbgCheckClassS
                0x08001d00       0x30 build/obj/chdebug.o
                0x08001d00                chDbgCheckClassS
 .text._trace_init
                0x08001d30       0x20 build/obj/chdebug.o
                0x08001d30                _trace_init
 .text.dbg_trace
                0x08001d50       0x40 build/obj/chdebug.o
                0x08001d50                dbg_trace
 .text.chDbgPanic
                0x08001d90       0x10 build/obj/chdebug.o
                0x08001d90                chDbgPanic
 .text._vt_init
                0x08001da0       0x20 build/obj/chvt.o
                0x08001da0                _vt_init
 .text.chVTSetI
                0x08001dc0       0x60 build/obj/chvt.o
                0x08001dc0                chVTSetI
 .text.chVTResetI
                0x08001e20       0x50 build/obj/chvt.o
                0x08001e20                chVTResetI
 .text._scheduler_init
                0x08001e70       0x20 build/obj/chschd.o
                0x08001e70                _scheduler_init
 .text.chSchReadyI
                0x08001e90       0x50 build/obj/chschd.o
                0x08001e90                chSchReadyI
 .text.wakeup   0x08001ee0       0x60 build/obj/chschd.o
 .text.chSchGoSleepS
                0x08001f40       0x50 build/obj/chschd.o
                0x08001f40                chSchGoSleepS
 .text.chSchGoSleepTimeoutS
                0x08001f90       0x50 build/obj/chschd.o
                0x08001f90                chSchGoSleepTimeoutS
 .text.chSchWakeupS
                0x08001fe0       0x60 build/obj/chschd.o
                0x08001fe0                chSchWakeupS
 .text.chSchDoRescheduleBehind
                0x08002040       0x50 build/obj/chschd.o
                0x08002040                chSchDoRescheduleBehind
 .text.chSchDoRescheduleAhead
                0x08002090       0x60 build/obj/chschd.o
                0x08002090                chSchDoRescheduleAhead
 .text.chSchDoReschedule
                0x080020f0       0x20 build/obj/chschd.o
                0x080020f0                chSchDoReschedule
 .text._thread_init
                0x08002110       0x60 build/obj/chthreads.o
                0x08002110                _thread_init
 .text.chThdCreateI
                0x08002170       0xa0 build/obj/chthreads.o
                0x08002170                chThdCreateI
 .text.chThdCreateStatic
                0x08002210       0xa0 build/obj/chthreads.o
                0x08002210                chThdCreateStatic
 .text.chThdSleep
                0x080022b0       0x30 build/obj/chthreads.o
                0x080022b0                chThdSleep
 .text.chThdSleepUntil
                0x080022e0       0x30 build/obj/chthreads.o
                0x080022e0                chThdSleepUntil
 .text.chThdExitS
                0x08002310       0x50 build/obj/chthreads.o
                0x08002310                chThdExitS
 .text.chThdExit
                0x08002360       0x20 build/obj/chthreads.o
                0x08002360                chThdExit
 .text.chMtxInit
                0x08002380       0x20 build/obj/chmtx.o
                0x08002380                chMtxInit
 .text.chEvtSignalI
                0x080023a0       0x50 build/obj/chevents.o
                0x080023a0                chEvtSignalI
 .text.chEvtBroadcastFlagsI
                0x080023f0       0x40 build/obj/chevents.o
                0x080023f0                chEvtBroadcastFlagsI
 .text.qwait    0x08002430       0x30 build/obj/chqueues.o
 .text.chIQInit
                0x08002460       0x20 build/obj/chqueues.o
                0x08002460                chIQInit
 .text.chIQPutI
                0x08002480       0x60 build/obj/chqueues.o
                0x08002480                chIQPutI
 .text.chIQGetTimeout
                0x080024e0       0x60 build/obj/chqueues.o
                0x080024e0                chIQGetTimeout
 .text.chIQReadTimeout
                0x08002540       0xa0 build/obj/chqueues.o
                0x08002540                chIQReadTimeout
 .text.chOQInit
                0x080025e0       0x20 build/obj/chqueues.o
                0x080025e0                chOQInit
 .text.chOQPutTimeout
                0x08002600       0x70 build/obj/chqueues.o
                0x08002600                chOQPutTimeout
 .text.chOQGetI
                0x08002670       0x50 build/obj/chqueues.o
                0x08002670                chOQGetI
 .text.chOQWriteTimeout
                0x080026c0       0xa0 build/obj/chqueues.o
                0x080026c0                chOQWriteTimeout
 .text._core_init
                0x08002760       0x30 build/obj/chmemcore.o
                0x08002760                _core_init
 .text.chCoreAllocI
                0x08002790       0x30 build/obj/chmemcore.o
                0x08002790                chCoreAllocI
 .text.chCoreAlloc
                0x080027c0       0x30 build/obj/chmemcore.o
                0x080027c0                chCoreAlloc
 .text._heap_init
                0x080027f0       0x20 build/obj/chheap.o
                0x080027f0                _heap_init
 .text.halInit  0x08002810       0x30 build/obj/hal.o
                0x08002810                halInit
 .text.rtcInit  0x08002840       0x10 build/obj/rtc.o
                0x08002840                rtcInit
 .text.rtcGetTime
                0x08002850       0x40 build/obj/rtc.o
                0x08002850                rtcGetTime
 .text.readt    0x08002890       0x10 build/obj/serial.o
 .text.read     0x080028a0       0x10 build/obj/serial.o
 .text.writet   0x080028b0       0x10 build/obj/serial.o
 .text.write    0x080028c0       0x10 build/obj/serial.o
 .text.gett     0x080028d0       0x10 build/obj/serial.o
 .text.get      0x080028e0       0x10 build/obj/serial.o
 .text.putt     0x080028f0       0x10 build/obj/serial.o
 .text.put      0x08002900       0x10 build/obj/serial.o
 .text.sdInit   0x08002910       0x10 build/obj/serial.o
                0x08002910                sdInit
 .text.sdObjectInit
                0x08002920       0x50 build/obj/serial.o
                0x08002920                sdObjectInit
 .text.sdStart  0x08002970       0x50 build/obj/serial.o
                0x08002970                sdStart
 .text.sdIncomingDataI
                0x080029c0       0x50 build/obj/serial.o
                0x080029c0                sdIncomingDataI
 .text.spiInit  0x08002a10       0x10 build/obj/spi.o
                0x08002a10                spiInit
 .text.spiObjectInit
                0x08002a20       0x10 build/obj/spi.o
                0x08002a20                spiObjectInit
 .text.spiStart
                0x08002a30       0x50 build/obj/spi.o
                0x08002a30                spiStart
 .text.spiSelect
                0x08002a80       0x40 build/obj/spi.o
                0x08002a80                spiSelect
 .text.spiUnselect
                0x08002ac0       0x40 build/obj/spi.o
                0x08002ac0                spiUnselect
 .text.spiStartSend
                0x08002b00       0x50 build/obj/spi.o
                0x08002b00                spiStartSend
 .text.Vector6C
                0x08002b50       0x40 build/obj/stm32_dma.o
                0x08002b50                Vector6C
 .text.Vector70
                0x08002b90       0x40 build/obj/stm32_dma.o
                0x08002b90                Vector70
 .text.Vector74
                0x08002bd0       0x40 build/obj/stm32_dma.o
                0x08002bd0                Vector74
 .text.Vector78
                0x08002c10       0x40 build/obj/stm32_dma.o
                0x08002c10                Vector78
 .text.Vector7C
                0x08002c50       0x40 build/obj/stm32_dma.o
                0x08002c50                Vector7C
 .text.Vector80
                0x08002c90       0x40 build/obj/stm32_dma.o
                0x08002c90                Vector80
 .text.Vector84
                0x08002cd0       0x40 build/obj/stm32_dma.o
                0x08002cd0                Vector84
 .text.VectorFC
                0x08002d10       0x40 build/obj/stm32_dma.o
                0x08002d10                VectorFC
 .text.Vector120
                0x08002d50       0x40 build/obj/stm32_dma.o
                0x08002d50                Vector120
 .text.Vector124
                0x08002d90       0x40 build/obj/stm32_dma.o
                0x08002d90                Vector124
 .text.Vector128
                0x08002dd0       0x40 build/obj/stm32_dma.o
                0x08002dd0                Vector128
 .text.Vector12C
                0x08002e10       0x40 build/obj/stm32_dma.o
                0x08002e10                Vector12C
 .text.Vector130
                0x08002e50       0x40 build/obj/stm32_dma.o
                0x08002e50                Vector130
 .text.Vector150
                0x08002e90       0x40 build/obj/stm32_dma.o
                0x08002e90                Vector150
 .text.Vector154
                0x08002ed0       0x40 build/obj/stm32_dma.o
                0x08002ed0                Vector154
 .text.Vector158
                0x08002f10       0x40 build/obj/stm32_dma.o
                0x08002f10                Vector158
 .text.dmaInit  0x08002f50      0x140 build/obj/stm32_dma.o
                0x08002f50                dmaInit
 .text.dmaStreamAllocate
                0x08003090       0xc0 build/obj/stm32_dma.o
                0x08003090                dmaStreamAllocate
 .text.hal_lld_init
                0x08003150       0xd0 build/obj/hal_lld.o
                0x08003150                hal_lld_init
 .text.stm32_clock_init
                0x08003220       0xe0 build/obj/hal_lld.o
                0x08003220                stm32_clock_init
 .text._pal_lld_init
                0x08003300      0x1b0 build/obj/pal_lld.o
                0x08003300                _pal_lld_init
 .text._pal_lld_setgroupmode
                0x080034b0       0xd0 build/obj/pal_lld.o
                0x080034b0                _pal_lld_setgroupmode
 .text.rtc_lld_init
                0x08003580       0x50 build/obj/rtc_lld.o
                0x08003580                rtc_lld_init
 .text.rtc_lld_get_time
                0x080035d0       0x40 build/obj/rtc_lld.o
                0x080035d0                rtc_lld_get_time
 .text.spi_lld_serve_tx_interrupt
                0x08003610       0x10 build/obj/spi_lld.o
 .text.spi_lld_serve_rx_interrupt
                0x08003620       0x90 build/obj/spi_lld.o
 .text.spi_lld_init
                0x080036b0       0x50 build/obj/spi_lld.o
                0x080036b0                spi_lld_init
 .text.spi_lld_start
                0x08003700       0xd0 build/obj/spi_lld.o
                0x08003700                spi_lld_start
 .text.spi_lld_select
                0x080037d0       0x20 build/obj/spi_lld.o
                0x080037d0                spi_lld_select
 .text.spi_lld_unselect
                0x080037f0       0x20 build/obj/spi_lld.o
                0x080037f0                spi_lld_unselect
 .text.spi_lld_send
                0x08003810       0x40 build/obj/spi_lld.o
                0x08003810                spi_lld_send
 .text.spi_lld_polled_exchange
                0x08003850       0x10 build/obj/spi_lld.o
                0x08003850                spi_lld_polled_exchange
 .text.notify1  0x08003860       0x20 build/obj/serial_lld.o
 .text.VectorD4
                0x08003880      0x170 build/obj/serial_lld.o
                0x08003880                VectorD4
 .text.sd_lld_init
                0x080039f0       0x30 build/obj/serial_lld.o
                0x080039f0                sd_lld_init
 .text.sd_lld_start
                0x08003a20       0xb0 build/obj/serial_lld.o
                0x08003a20                sd_lld_start
 .text.__early_init
                0x08003ad0       0x10 build/obj/board.o
                0x08003ad0                __early_init
 .text.boardInit
                0x08003ae0       0x10 build/obj/board.o
                0x08003ae0                boardInit
 .text.long_to_string_with_divisor
                0x08003af0       0x70 build/obj/chprintf.o
 .text.chprintf
                0x08003b60      0x470 build/obj/chprintf.o
                0x08003b60                chprintf
 .text.put      0x08003fd0       0x20 build/obj/memstreams.o
 .text.get      0x08003ff0       0x20 build/obj/memstreams.o
 .text.reads    0x08004010       0x30 build/obj/memstreams.o
 .text.writes   0x08004040       0x30 build/obj/memstreams.o
 .text.msObjectInit
                0x08004070       0x20 build/obj/memstreams.o
                0x08004070                msObjectInit
 .text.stm32_rtc_bcd2tm
                0x08004090       0xb0 build/obj/chrtclib.o
 .text.rtcGetTimeTm
                0x08004140       0x30 build/obj/chrtclib.o
                0x08004140                rtcGetTimeTm
 .text.thBlinker
                0x08004170       0x50 build/obj/main.o
 .text.read_thread
                0x080041c0      0x140 build/obj/main.o
 .text.calc_checksum_16
                0x08004300       0x70 build/obj/kb_util.o
                0x08004300                calc_checksum_16
 .text.oled_finish_xfer
                0x08004370       0x10 build/obj/oled.o
 .text.OLED_put_pixel
                0x08004380       0x30 build/obj/oled.o
                0x08004380                OLED_put_pixel
 .text.OLED_draw_char
                0x080043b0      0x410 build/obj/oled.o
                0x080043b0                OLED_draw_char
 .text.OLED_draw_string
                0x080047c0       0x40 build/obj/oled.o
                0x080047c0                OLED_draw_string
 .text.OLED_clear_frame_buffer
                0x08004800       0x10 build/obj/oled.o
                0x08004800                OLED_clear_frame_buffer
 .text.OLED_write_command
                0x08004810       0x20 build/obj/oled.o
                0x08004810                OLED_write_command
 .text.OLED_write_data
                0x08004830       0x20 build/obj/oled.o
                0x08004830                OLED_write_data
 .text.OLED_set_column_address
                0x08004850       0x30 build/obj/oled.o
                0x08004850                OLED_set_column_address
 .text.OLED_set_row_address
                0x08004880       0x30 build/obj/oled.o
                0x08004880                OLED_set_row_address
 .text.OLED_set_write_ram
                0x080048b0       0x10 build/obj/oled.o
                0x080048b0                OLED_set_write_ram
 .text.OLED_put_frame_buffer
                0x080048c0       0x60 build/obj/oled.o
                0x080048c0                OLED_put_frame_buffer
 .text.OLED_set_remap_format
                0x08004920       0x20 build/obj/oled.o
                0x08004920                OLED_set_remap_format
 .text.OLED_set_start_line
                0x08004940       0x20 build/obj/oled.o
                0x08004940                OLED_set_start_line
 .text.OLED_set_display_offset
                0x08004960       0x20 build/obj/oled.o
                0x08004960                OLED_set_display_offset
 .text.OLED_set_function_selection
                0x08004980       0x20 build/obj/oled.o
                0x08004980                OLED_set_function_selection
 .text.OLED_set_phase_length
                0x080049a0       0x20 build/obj/oled.o
                0x080049a0                OLED_set_phase_length
 .text.OLED_set_display_clock
                0x080049c0       0x20 build/obj/oled.o
                0x080049c0                OLED_set_display_clock
 .text.OLED_set_display_enhancement_a
                0x080049e0       0x30 build/obj/oled.o
                0x080049e0                OLED_set_display_enhancement_a
 .text.OLED_set_gpio
                0x08004a10       0x20 build/obj/oled.o
                0x08004a10                OLED_set_gpio
 .text.OLED_set_precharge_period
                0x08004a30       0x20 build/obj/oled.o
                0x08004a30                OLED_set_precharge_period
 .text.OLED_set_precharge_voltage
                0x08004a50       0x20 build/obj/oled.o
                0x08004a50                OLED_set_precharge_voltage
 .text.OLED_set_vcomh
                0x08004a70       0x20 build/obj/oled.o
                0x08004a70                OLED_set_vcomh
 .text.OLED_set_contrast_current
                0x08004a90       0x20 build/obj/oled.o
                0x08004a90                OLED_set_contrast_current
 .text.OLED_set_master_current
                0x08004ab0       0x20 build/obj/oled.o
                0x08004ab0                OLED_set_master_current
 .text.OLED_set_multiplex_ratio
                0x08004ad0       0x20 build/obj/oled.o
                0x08004ad0                OLED_set_multiplex_ratio
 .text.OLED_set_display_enhancement_b
                0x08004af0       0x30 build/obj/oled.o
                0x08004af0                OLED_set_display_enhancement_b
 .text.OLED_set_command_lock
                0x08004b20       0x20 build/obj/oled.o
                0x08004b20                OLED_set_command_lock
 .text.OLED_set_linear_gray_scale_table
                0x08004b40       0x10 build/obj/oled.o
                0x08004b40                OLED_set_linear_gray_scale_table
 .text.OLEDStart
                0x08004b50      0x160 build/obj/oled.o
                0x08004b50                OLEDStart
 .text.cosf     0x08004cb0       0x68 c:/chibistudio/tools/gnu tools arm embedded/4.7 2013q1/bin/../lib/gcc/arm-none-eabi/4.7.3/../../../../arm-none-eabi/lib/armv7e-m\libm.a(lib_a-sf_cos.o)
                0x08004cb0                cosf
 *fill*         0x08004d18        0x8 00
 .text.sinf     0x08004d20       0x78 c:/chibistudio/tools/gnu tools arm embedded/4.7 2013q1/bin/../lib/gcc/arm-none-eabi/4.7.3/../../../../arm-none-eabi/lib/armv7e-m\libm.a(lib_a-sf_sin.o)
                0x08004d20                sinf
 *fill*         0x08004d98        0x8 00
 .text.atan2f   0x08004da0        0x4 c:/chibistudio/tools/gnu tools arm embedded/4.7 2013q1/bin/../lib/gcc/arm-none-eabi/4.7.3/../../../../arm-none-eabi/lib/armv7e-m\libm.a(lib_a-wf_atan2.o)
                0x08004da0                atan2f
 *fill*         0x08004da4        0xc 00
 .text.powf     0x08004db0      0x328 c:/chibistudio/tools/gnu tools arm embedded/4.7 2013q1/bin/../lib/gcc/arm-none-eabi/4.7.3/../../../../arm-none-eabi/lib/armv7e-m\libm.a(lib_a-wf_pow.o)
                0x08004db0                powf
 *fill*         0x080050d8        0x8 00
 .text.sqrtf    0x080050e0       0x9c c:/chibistudio/tools/gnu tools arm embedded/4.7 2013q1/bin/../lib/gcc/arm-none-eabi/4.7.3/../../../../arm-none-eabi/lib/armv7e-m\libm.a(lib_a-wf_sqrt.o)
                0x080050e0                sqrtf
 *fill*         0x0800517c        0x4 00
 .text.__ieee754_atan2f
                0x08005180      0x14c c:/chibistudio/tools/gnu tools arm embedded/4.7 2013q1/bin/../lib/gcc/arm-none-eabi/4.7.3/../../../../arm-none-eabi/lib/armv7e-m\libm.a(lib_a-ef_atan2.o)
                0x08005180                __ieee754_atan2f
 *fill*         0x080052cc        0x4 00
 .text.__ieee754_powf
                0x080052d0      0x740 c:/chibistudio/tools/gnu tools arm embedded/4.7 2013q1/bin/../lib/gcc/arm-none-eabi/4.7.3/../../../../arm-none-eabi/lib/armv7e-m\libm.a(lib_a-ef_pow.o)
                0x080052d0                __ieee754_powf
 .text.__ieee754_rem_pio2f
                0x08005a10      0x358 c:/chibistudio/tools/gnu tools arm embedded/4.7 2013q1/bin/../lib/gcc/arm-none-eabi/4.7.3/../../../../arm-none-eabi/lib/armv7e-m\libm.a(lib_a-ef_rem_pio2.o)
                0x08005a10                __ieee754_rem_pio2f
 *fill*         0x08005d68        0x8 00
 .text.__ieee754_sqrtf
                0x08005d70       0xd4 c:/chibistudio/tools/gnu tools arm embedded/4.7 2013q1/bin/../lib/gcc/arm-none-eabi/4.7.3/../../../../arm-none-eabi/lib/armv7e-m\libm.a(lib_a-ef_sqrt.o)
                0x08005d70                __ieee754_sqrtf
 *fill*         0x08005e44        0xc 00
 .text.__kernel_cosf
                0x08005e50      0x1b8 c:/chibistudio/tools/gnu tools arm embedded/4.7 2013q1/bin/../lib/gcc/arm-none-eabi/4.7.3/../../../../arm-none-eabi/lib/armv7e-m\libm.a(lib_a-kf_cos.o)
                0x08005e50                __kernel_cosf
 *fill*         0x08006008        0x8 00
 .text.__kernel_rem_pio2f
                0x08006010      0xb90 c:/chibistudio/tools/gnu tools arm embedded/4.7 2013q1/bin/../lib/gcc/arm-none-eabi/4.7.3/../../../../arm-none-eabi/lib/armv7e-m\libm.a(lib_a-kf_rem_pio2.o)
                0x08006010                __kernel_rem_pio2f
 .text.__kernel_sinf
                0x08006ba0      0x100 c:/chibistudio/tools/gnu tools arm embedded/4.7 2013q1/bin/../lib/gcc/arm-none-eabi/4.7.3/../../../../arm-none-eabi/lib/armv7e-m\libm.a(lib_a-kf_sin.o)
                0x08006ba0                __kernel_sinf
 .text.matherr  0x08006ca0        0x4 c:/chibistudio/tools/gnu tools arm embedded/4.7 2013q1/bin/../lib/gcc/arm-none-eabi/4.7.3/../../../../arm-none-eabi/lib/armv7e-m\libm.a(lib_a-s_matherr.o)
                0x08006ca0                matherr
 *fill*         0x08006ca4        0xc 00
 .text.rint     0x08006cb0      0x128 c:/chibistudio/tools/gnu tools arm embedded/4.7 2013q1/bin/../lib/gcc/arm-none-eabi/4.7.3/../../../../arm-none-eabi/lib/armv7e-m\libm.a(lib_a-s_rint.o)
                0x08006cb0                rint
 *fill*         0x08006dd8        0x8 00
 .text.atanf    0x08006de0      0x258 c:/chibistudio/tools/gnu tools arm embedded/4.7 2013q1/bin/../lib/gcc/arm-none-eabi/4.7.3/../../../../arm-none-eabi/lib/armv7e-m\libm.a(lib_a-sf_atan.o)
                0x08006de0                atanf
 *fill*         0x08007038        0x8 00
 .text.fabsf    0x08007040        0x8 c:/chibistudio/tools/gnu tools arm embedded/4.7 2013q1/bin/../lib/gcc/arm-none-eabi/4.7.3/../../../../arm-none-eabi/lib/armv7e-m\libm.a(lib_a-sf_fabs.o)
                0x08007040                fabsf
 *fill*         0x08007048        0x8 00
 .text.finitef  0x08007050       0x10 c:/chibistudio/tools/gnu tools arm embedded/4.7 2013q1/bin/../lib/gcc/arm-none-eabi/4.7.3/../../../../arm-none-eabi/lib/armv7e-m\libm.a(lib_a-sf_finite.o)
                0x08007050                finitef
 .text.floorf   0x08007060       0x94 c:/chibistudio/tools/gnu tools arm embedded/4.7 2013q1/bin/../lib/gcc/arm-none-eabi/4.7.3/../../../../arm-none-eabi/lib/armv7e-m\libm.a(lib_a-sf_floor.o)
                0x08007060                floorf
 *fill*         0x080070f4        0xc 00
 .text.__fpclassifyf
                0x08007100       0x58 c:/chibistudio/tools/gnu tools arm embedded/4.7 2013q1/bin/../lib/gcc/arm-none-eabi/4.7.3/../../../../arm-none-eabi/lib/armv7e-m\libm.a(lib_a-sf_fpclassify.o)
                0x08007100                __fpclassifyf
 *fill*         0x08007158        0x8 00
 .text.nanf     0x08007160        0x8 c:/chibistudio/tools/gnu tools arm embedded/4.7 2013q1/bin/../lib/gcc/arm-none-eabi/4.7.3/../../../../arm-none-eabi/lib/armv7e-m\libm.a(lib_a-sf_nan.o)
                0x08007160                nanf
 *fill*         0x08007168        0x8 00
 .text.scalbnf  0x08007170       0xc0 c:/chibistudio/tools/gnu tools arm embedded/4.7 2013q1/bin/../lib/gcc/arm-none-eabi/4.7.3/../../../../arm-none-eabi/lib/armv7e-m\libm.a(lib_a-sf_scalbn.o)
                0x08007170                scalbnf
 .text.copysignf
                0x08007230        0xc c:/chibistudio/tools/gnu tools arm embedded/4.7 2013q1/bin/../lib/gcc/arm-none-eabi/4.7.3/../../../../arm-none-eabi/lib/armv7e-m\libm.a(lib_a-sf_copysign.o)
                0x08007230                copysignf
 *fill*         0x0800723c        0x4 00
 .text.__errno  0x08007240        0xc c:/chibistudio/tools/gnu tools arm embedded/4.7 2013q1/bin/../lib/gcc/arm-none-eabi/4.7.3/../../../../arm-none-eabi/lib/armv7e-m\libc.a(lib_a-errno.o)
                0x08007240                __errno
 *fill*         0x0800724c        0x4 00
 .text.memcpy   0x08007250      0x144 c:/chibistudio/tools/gnu tools arm embedded/4.7 2013q1/bin/../lib/gcc/arm-none-eabi/4.7.3/../../../../arm-none-eabi/lib/armv7e-m\libc.a(lib_a-memcpy.o)
                0x08007250                memcpy
 *fill*         0x08007394        0xc 00
 .text.memset   0x080073a0      0x12c c:/chibistudio/tools/gnu tools arm embedded/4.7 2013q1/bin/../lib/gcc/arm-none-eabi/4.7.3/../../../../arm-none-eabi/lib/armv7e-m\libc.a(lib_a-memset.o)
                0x080073a0                memset
 *(.rodata)
 *(.rodata.*)
 *fill*         0x080074cc        0x4 00
 .rodata.str1.4
                0x080074d0        0x5 build/obj/chsys.o
                                  0x8 (size before relaxing)
 *fill*         0x080074d5        0xb 00
 .rodata.str1.4
                0x080074e0       0x56 build/obj/chdebug.o
                                 0x58 (size before relaxing)
 *fill*         0x08007536        0xa 00
 .rodata.str1.4
                0x08007540       0x31 build/obj/chvt.o
                                 0x34 (size before relaxing)
 *fill*         0x08007571        0xf 00
 .rodata.str1.4
                0x08007580       0x23 build/obj/chschd.o
                                 0x24 (size before relaxing)
 *fill*         0x080075a3        0xd 00
 .rodata.str1.4
                0x080075b0       0x94 build/obj/chthreads.o
 *fill*         0x08007644        0xc 00
 .rodata.ch_debug
                0x08007650       0x18 build/obj/chregistry.o
                0x08007650                ch_debug
 *fill*         0x08007668        0x8 00
 .rodata.str1.4
                0x08007670       0xab build/obj/chmtx.o
                                 0xac (size before relaxing)
 *fill*         0x0800771b        0x5 00
 .rodata.str1.4
                0x08007720       0x90 build/obj/chevents.o
 .rodata.str1.4
                0x080077b0       0x29 build/obj/chqueues.o
                                 0x2c (size before relaxing)
 *fill*         0x080077d9        0x7 00
 .rodata.str1.4
                0x080077e0       0x40 build/obj/rtc.o
 .rodata.str1.4
                0x08007820       0x5f build/obj/serial.o
                                 0x60 (size before relaxing)
 *fill*         0x0800787f        0x1 00
 .rodata.vmt    0x08007880       0x20 build/obj/serial.o
 .rodata.str1.4
                0x080078a0      0x236 build/obj/spi.o
                                0x238 (size before relaxing)
 *fill*         0x08007ad6        0xa 00
 .rodata.str1.4
                0x08007ae0       0x47 build/obj/stm32_dma.o
                                 0x48 (size before relaxing)
 *fill*         0x08007b27        0x9 00
 .rodata._stm32_dma_streams
                0x08007b30       0xc0 build/obj/stm32_dma.o
                0x08007b30                _stm32_dma_streams
 .rodata.str1.4
                0x08007bf0       0x28 build/obj/spi_lld.o
 *fill*         0x08007c18        0x8 00
 .rodata.default_config
                0x08007c20        0xc build/obj/serial_lld.o
 *fill*         0x08007c2c        0x4 00
 .rodata.pal_default_config
                0x08007c30       0xfc build/obj/board.o
                0x08007c30                pal_default_config
 *fill*         0x08007d2c        0x4 00
 .rodata.str1.4
                0x08007d30        0x7 build/obj/chprintf.o
                                  0x8 (size before relaxing)
 *fill*         0x08007d37        0x9 00
 .rodata.vmt    0x08007d40       0x10 build/obj/memstreams.o
 .rodata.str1.4
                0x08007d50       0xd8 build/obj/main.o
 *fill*         0x08007e28        0x8 00
 .rodata.OLED_font
                0x08007e30      0x4fc build/obj/oled.o
 *fill*         0x0800832c        0x4 00
 .rodata.oled_default_cfg
                0x08008330       0x1c build/obj/oled.o
 *fill*         0x0800834c        0x4 00
 .rodata.logo   0x08008350     0x2000 build/obj/oled.o
 .rodata.str1.4
                0x0800a350        0x5 c:/chibistudio/tools/gnu tools arm embedded/4.7 2013q1/bin/../lib/gcc/arm-none-eabi/4.7.3/../../../../arm-none-eabi/lib/armv7e-m\libm.a(lib_a-wf_pow.o)
                                  0x8 (size before relaxing)
 *fill*         0x0800a355        0xb 00
 .rodata.str1.4
                0x0800a360        0x6 c:/chibistudio/tools/gnu tools arm embedded/4.7 2013q1/bin/../lib/gcc/arm-none-eabi/4.7.3/../../../../arm-none-eabi/lib/armv7e-m\libm.a(lib_a-wf_sqrt.o)
                                  0x8 (size before relaxing)
 *fill*         0x0800a366        0xa 00
 .rodata.dp_h   0x0800a370        0x8 c:/chibistudio/tools/gnu tools arm embedded/4.7 2013q1/bin/../lib/gcc/arm-none-eabi/4.7.3/../../../../arm-none-eabi/lib/armv7e-m\libm.a(lib_a-ef_pow.o)
 *fill*         0x0800a378        0x8 00
 .rodata.dp_l   0x0800a380        0x8 c:/chibistudio/tools/gnu tools arm embedded/4.7 2013q1/bin/../lib/gcc/arm-none-eabi/4.7.3/../../../../arm-none-eabi/lib/armv7e-m\libm.a(lib_a-ef_pow.o)
 *fill*         0x0800a388        0x8 00
 .rodata.bp     0x0800a390        0x8 c:/chibistudio/tools/gnu tools arm embedded/4.7 2013q1/bin/../lib/gcc/arm-none-eabi/4.7.3/../../../../arm-none-eabi/lib/armv7e-m\libm.a(lib_a-ef_pow.o)
 .rodata.str1.4
                0x00000000        0x6 c:/chibistudio/tools/gnu tools arm embedded/4.7 2013q1/bin/../lib/gcc/arm-none-eabi/4.7.3/../../../../arm-none-eabi/lib/armv7e-m\libm.a(lib_a-ef_pow.o)
                                  0x4 (size before relaxing)
 *fill*         0x0800a398        0x8 00
 .rodata.npio2_hw
                0x0800a3a0       0x80 c:/chibistudio/tools/gnu tools arm embedded/4.7 2013q1/bin/../lib/gcc/arm-none-eabi/4.7.3/../../../../arm-none-eabi/lib/armv7e-m\libm.a(lib_a-ef_rem_pio2.o)
 .rodata.two_over_pi
                0x0800a420      0x318 c:/chibistudio/tools/gnu tools arm embedded/4.7 2013q1/bin/../lib/gcc/arm-none-eabi/4.7.3/../../../../arm-none-eabi/lib/armv7e-m\libm.a(lib_a-ef_rem_pio2.o)
 *fill*         0x0800a738        0x8 00
 .rodata.init_jk
                0x0800a740        0xc c:/chibistudio/tools/gnu tools arm embedded/4.7 2013q1/bin/../lib/gcc/arm-none-eabi/4.7.3/../../../../arm-none-eabi/lib/armv7e-m\libm.a(lib_a-kf_rem_pio2.o)
 *fill*         0x0800a74c        0x4 00
 .rodata.PIo2   0x0800a750       0x2c c:/chibistudio/tools/gnu tools arm embedded/4.7 2013q1/bin/../lib/gcc/arm-none-eabi/4.7.3/../../../../arm-none-eabi/lib/armv7e-m\libm.a(lib_a-kf_rem_pio2.o)
 *fill*         0x0800a77c        0x4 00
 .rodata.TWO52  0x0800a780       0x10 c:/chibistudio/tools/gnu tools arm embedded/4.7 2013q1/bin/../lib/gcc/arm-none-eabi/4.7.3/../../../../arm-none-eabi/lib/armv7e-m\libm.a(lib_a-s_rint.o)
 .rodata.atanlo
                0x0800a790       0x10 c:/chibistudio/tools/gnu tools arm embedded/4.7 2013q1/bin/../lib/gcc/arm-none-eabi/4.7.3/../../../../arm-none-eabi/lib/armv7e-m\libm.a(lib_a-sf_atan.o)
 .rodata.atanhi
                0x0800a7a0       0x10 c:/chibistudio/tools/gnu tools arm embedded/4.7 2013q1/bin/../lib/gcc/arm-none-eabi/4.7.3/../../../../arm-none-eabi/lib/armv7e-m\libm.a(lib_a-sf_atan.o)
 .rodata.str1.4
                0x0800a7b0        0x4 c:/chibistudio/tools/gnu tools arm embedded/4.7 2013q1/bin/../lib/gcc/arm-none-eabi/4.7.3/../../../../arm-none-eabi/lib/armv7e-m\libc.a(lib_a-impure.o)
 *(.glue_7t)
 .glue_7t       0x00000000        0x0 linker stubs
 *(.glue_7)
 .glue_7        0x00000000        0x0 linker stubs
 *(.gcc*)

.vfp11_veneer   0x0800a7b4        0x0
 .vfp11_veneer  0x00000000        0x0 linker stubs

.v4_bx          0x0800a7b4        0x0
 .v4_bx         0x00000000        0x0 linker stubs

.iplt           0x0800a7b4        0x0
 .iplt          0x00000000        0x0 build/obj/crt0.o

.rel.dyn        0x0800a7b4        0x0
 .rel.iplt      0x00000000        0x0 build/obj/crt0.o

.ARM.extab
 *(.ARM.extab* .gnu.linkonce.armextab.*)

.ARM.exidx      0x0800a7b4        0x0
                0x0800a7b4                PROVIDE (__exidx_start, .)
 *(.ARM.exidx* .gnu.linkonce.armexidx.*)
                0x0800a7b4                PROVIDE (__exidx_end, .)

.eh_frame_hdr
 *(.eh_frame_hdr)

.eh_frame
 *(.eh_frame)

.textalign      0x0800a7b4        0x4
                0x0800a7b8                . = ALIGN (0x8)
 *fill*         0x0800a7b4        0x4 00
                0x0800a7b8                . = ALIGN (0x4)
                0x0800a7b8                _etext = .
                0x0800a7b8                _textdata = _etext

.stacks         0x20000000      0x800
                0x20000000                . = ALIGN (0x8)
                0x20000000                __main_stack_base__ = .
                0x20000400                . = (. + __main_stack_size__)
 *fill*         0x20000000      0x400 00
                0x20000400                . = ALIGN (0x8)
                0x20000400                __main_stack_end__ = .
                0x20000400                __process_stack_base__ = .
                0x20000400                __main_thread_stack_base__ = .
                0x20000800                . = (. + __process_stack_size__)
 *fill*         0x20000400      0x400 00
                0x20000800                . = ALIGN (0x8)
                0x20000800                __process_stack_end__ = .
                0x20000800                __main_thread_stack_end__ = .

.data           0x20000800      0x43c load address 0x0800a7b8
                0x20000800                . = ALIGN (0x4)
                0x20000800                PROVIDE (_data, .)
 *(.data)
                0x20000800                . = ALIGN (0x4)
 *(.data.*)
 .data.serial1_default_cfg
                0x20000800        0xc build/obj/main.o
 .data.__fdlib_version
                0x2000080c        0x1 c:/chibistudio/tools/gnu tools arm embedded/4.7 2013q1/bin/../lib/gcc/arm-none-eabi/4.7.3/../../../../arm-none-eabi/lib/armv7e-m\libm.a(lib_a-s_lib_ver.o)
                0x2000080c                __fdlib_version
 *fill*         0x2000080d        0x3 00
 .data.impure_data
                0x20000810      0x428 c:/chibistudio/tools/gnu tools arm embedded/4.7 2013q1/bin/../lib/gcc/arm-none-eabi/4.7.3/../../../../arm-none-eabi/lib/armv7e-m\libc.a(lib_a-impure.o)
 .data._impure_ptr
                0x20000c38        0x4 c:/chibistudio/tools/gnu tools arm embedded/4.7 2013q1/bin/../lib/gcc/arm-none-eabi/4.7.3/../../../../arm-none-eabi/lib/armv7e-m\libc.a(lib_a-impure.o)
                0x20000c38                _impure_ptr
                0x20000c3c                . = ALIGN (0x4)
 *(.ramtext)
                0x20000c3c                . = ALIGN (0x4)
                0x20000c3c                PROVIDE (_edata, .)

.igot.plt       0x20000c3c        0x0 load address 0x0800abf4
 .igot.plt      0x00000000        0x0 build/obj/crt0.o

.bss            0x20000c40     0x3040 load address 0x0800abf4
                0x20000c40                . = ALIGN (0x4)
                0x20000c40                PROVIDE (_bss_start, .)
 *(.bss)
                0x20000c40                . = ALIGN (0x4)
 *(.bss.*)
 .bss.mainthread.4858
                0x20000c40       0x4c build/obj/chsys.o
 *fill*         0x20000c8c        0x4 00
 .bss._idle_thread_wa
                0x20000c90      0x158 build/obj/chsys.o
                0x20000c90                _idle_thread_wa
 .bss.dbg_isr_cnt
                0x20000de8        0x4 build/obj/chdebug.o
                0x20000de8                dbg_isr_cnt
 .bss.dbg_trace_buffer
                0x20000dec      0x408 build/obj/chdebug.o
                0x20000dec                dbg_trace_buffer
 .bss.dbg_lock_cnt
                0x200011f4        0x4 build/obj/chdebug.o
                0x200011f4                dbg_lock_cnt
 .bss.dbg_panic_msg
                0x200011f8        0x4 build/obj/chdebug.o
                0x200011f8                dbg_panic_msg
 .bss.vtlist    0x200011fc       0x10 build/obj/chvt.o
                0x200011fc                vtlist
 .bss.rlist     0x2000120c       0x1c build/obj/chschd.o
                0x2000120c                rlist
 .bss.endmem    0x20001228        0x4 build/obj/chmemcore.o
 .bss.nextmem   0x2000122c        0x4 build/obj/chmemcore.o
 .bss.default_heap
                0x20001230       0x20 build/obj/chheap.o
 .bss.dma_isr_redir
                0x20001250       0x80 build/obj/stm32_dma.o
 .bss.dma_streams_mask
                0x200012d0        0x4 build/obj/stm32_dma.o
 .bss.RTCD1     0x200012d4        0x4 build/obj/rtc_lld.o
                0x200012d4                RTCD1
 .bss.dummytx   0x200012d8        0x2 build/obj/spi_lld.o
 *fill*         0x200012da        0x2 00
 .bss.SPID1     0x200012dc       0x30 build/obj/spi_lld.o
                0x200012dc                SPID1
 .bss.dummyrx   0x2000130c        0x2 build/obj/spi_lld.o
 *fill*         0x2000130e        0x2 00
 .bss.SD1       0x20001310       0xd8 build/obj/serial_lld.o
                0x20001310                SD1
 .bss.kbb_display
                0x200013e8       0x80 build/obj/main.o
                0x200013e8                kbb_display
 .bss.charbuf   0x20001468       0x80 build/obj/main.o
 .bss.kbb_display_buffer
                0x200014e8       0x80 build/obj/main.o
                0x200014e8                kbb_display_buffer
 .bss.msb       0x20001568       0x14 build/obj/main.o
 .bss.data_updated
                0x2000157c        0x1 build/obj/main.o
                0x2000157c                data_updated
 *fill*         0x2000157d        0x3 00
 .bss.waBlinker
                0x20001580      0x1b8 build/obj/main.o
 .bss.kbb_display_idx
                0x20001738        0x1 build/obj/main.o
                0x20001738                kbb_display_idx
 *fill*         0x20001739        0x7 00
 .bss.read_wa   0x20001740      0x538 build/obj/main.o
 .bss.OD1       0x20001c78     0x2008 build/obj/oled.o
                0x20001c78                OD1
                0x20003c80                . = ALIGN (0x4)
 *(COMMON)
                0x20003c80                . = ALIGN (0x4)
                0x20003c80                PROVIDE (_bss_end, .)
                0x20003c80                PROVIDE (end, .)
                0x20003c80                _end = .
                0x20003c80                __heap_base__ = _end
                0x2001c000                __heap_end__ = __ram_end__
OUTPUT(build/viewBox.elf elf32-littlearm)

.comment        0x00000000       0x70
 .comment       0x00000000       0x70 build/obj/crt0.o
                                 0x71 (size before relaxing)
 .comment       0x00000000       0x71 build/obj/vectors.o
 .comment       0x00000000       0x71 build/obj/chcore.o
 .comment       0x00000000       0x71 build/obj/chcore_v7m.o
 .comment       0x00000000       0x71 build/obj/nvic.o
 .comment       0x00000000       0x71 build/obj/chsys.o
 .comment       0x00000000       0x71 build/obj/chdebug.o
 .comment       0x00000000       0x71 build/obj/chvt.o
 .comment       0x00000000       0x71 build/obj/chschd.o
 .comment       0x00000000       0x71 build/obj/chthreads.o
 .comment       0x00000000       0x71 build/obj/chregistry.o
 .comment       0x00000000       0x71 build/obj/chmtx.o
 .comment       0x00000000       0x71 build/obj/chevents.o
 .comment       0x00000000       0x71 build/obj/chqueues.o
 .comment       0x00000000       0x71 build/obj/chmemcore.o
 .comment       0x00000000       0x71 build/obj/chheap.o
 .comment       0x00000000       0x71 build/obj/hal.o
 .comment       0x00000000       0x71 build/obj/rtc.o
 .comment       0x00000000       0x71 build/obj/serial.o
 .comment       0x00000000       0x71 build/obj/spi.o
 .comment       0x00000000       0x71 build/obj/stm32_dma.o
 .comment       0x00000000       0x71 build/obj/hal_lld.o
 .comment       0x00000000       0x71 build/obj/pal_lld.o
 .comment       0x00000000       0x71 build/obj/rtc_lld.o
 .comment       0x00000000       0x71 build/obj/spi_lld.o
 .comment       0x00000000       0x71 build/obj/serial_lld.o
 .comment       0x00000000       0x71 build/obj/board.o
 .comment       0x00000000       0x71 build/obj/chprintf.o
 .comment       0x00000000       0x71 build/obj/memstreams.o
 .comment       0x00000000       0x71 build/obj/chrtclib.o
 .comment       0x00000000       0x71 build/obj/main.o
 .comment       0x00000000       0x71 build/obj/kb_util.o
 .comment       0x00000000       0x71 build/obj/oled.o

.ARM.attributes
                0x00000000       0x39
 .ARM.attributes
                0x00000000       0x39 build/obj/crt0.o
 .ARM.attributes
                0x00000039       0x39 build/obj/vectors.o
 .ARM.attributes
                0x00000072       0x39 build/obj/chcore.o
 .ARM.attributes
                0x000000ab       0x39 build/obj/chcore_v7m.o
 .ARM.attributes
                0x000000e4       0x39 build/obj/nvic.o
 .ARM.attributes
                0x0000011d       0x39 build/obj/chsys.o
 .ARM.attributes
                0x00000156       0x39 build/obj/chdebug.o
 .ARM.attributes
                0x0000018f       0x39 build/obj/chvt.o
 .ARM.attributes
                0x000001c8       0x39 build/obj/chschd.o
 .ARM.attributes
                0x00000201       0x39 build/obj/chthreads.o
 .ARM.attributes
                0x0000023a       0x39 build/obj/chregistry.o
 .ARM.attributes
                0x00000273       0x39 build/obj/chmtx.o
 .ARM.attributes
                0x000002ac       0x39 build/obj/chevents.o
 .ARM.attributes
                0x000002e5       0x39 build/obj/chqueues.o
 .ARM.attributes
                0x0000031e       0x39 build/obj/chmemcore.o
 .ARM.attributes
                0x00000357       0x39 build/obj/chheap.o
 .ARM.attributes
                0x00000390       0x39 build/obj/hal.o
 .ARM.attributes
                0x000003c9       0x39 build/obj/rtc.o
 .ARM.attributes
                0x00000402       0x39 build/obj/serial.o
 .ARM.attributes
                0x0000043b       0x39 build/obj/spi.o
 .ARM.attributes
                0x00000474       0x39 build/obj/stm32_dma.o
 .ARM.attributes
                0x000004ad       0x39 build/obj/hal_lld.o
 .ARM.attributes
                0x000004e6       0x39 build/obj/pal_lld.o
 .ARM.attributes
                0x0000051f       0x39 build/obj/rtc_lld.o
 .ARM.attributes
                0x00000558       0x39 build/obj/spi_lld.o
 .ARM.attributes
                0x00000591       0x39 build/obj/serial_lld.o
 .ARM.attributes
                0x000005ca       0x39 build/obj/board.o
 .ARM.attributes
                0x00000603       0x39 build/obj/chprintf.o
 .ARM.attributes
                0x0000063c       0x39 build/obj/memstreams.o
 .ARM.attributes
                0x00000675       0x39 build/obj/chrtclib.o
 .ARM.attributes
                0x000006ae       0x39 build/obj/main.o
 .ARM.attributes
                0x000006e7       0x39 build/obj/kb_util.o
 .ARM.attributes
                0x00000720       0x39 build/obj/oled.o
 .ARM.attributes
                0x00000759       0x2e c:/chibistudio/tools/gnu tools arm embedded/4.7 2013q1/bin/../lib/gcc/arm-none-eabi/4.7.3/../../../../arm-none-eabi/lib/armv7e-m\libm.a(lib_a-sf_cos.o)
 .ARM.attributes
                0x00000787       0x2e c:/chibistudio/tools/gnu tools arm embedded/4.7 2013q1/bin/../lib/gcc/arm-none-eabi/4.7.3/../../../../arm-none-eabi/lib/armv7e-m\libm.a(lib_a-sf_sin.o)
 .ARM.attributes
                0x000007b5       0x2e c:/chibistudio/tools/gnu tools arm embedded/4.7 2013q1/bin/../lib/gcc/arm-none-eabi/4.7.3/../../../../arm-none-eabi/lib/armv7e-m\libm.a(lib_a-wf_atan2.o)
 .ARM.attributes
                0x000007e3       0x2e c:/chibistudio/tools/gnu tools arm embedded/4.7 2013q1/bin/../lib/gcc/arm-none-eabi/4.7.3/../../../../arm-none-eabi/lib/armv7e-m\libm.a(lib_a-wf_pow.o)
 .ARM.attributes
                0x00000811       0x2e c:/chibistudio/tools/gnu tools arm embedded/4.7 2013q1/bin/../lib/gcc/arm-none-eabi/4.7.3/../../../../arm-none-eabi/lib/armv7e-m\libm.a(lib_a-wf_sqrt.o)
 .ARM.attributes
                0x0000083f       0x2e c:/chibistudio/tools/gnu tools arm embedded/4.7 2013q1/bin/../lib/gcc/arm-none-eabi/4.7.3/../../../../arm-none-eabi/lib/armv7e-m\libm.a(lib_a-ef_atan2.o)
 .ARM.attributes
                0x0000086d       0x2e c:/chibistudio/tools/gnu tools arm embedded/4.7 2013q1/bin/../lib/gcc/arm-none-eabi/4.7.3/../../../../arm-none-eabi/lib/armv7e-m\libm.a(lib_a-ef_pow.o)
 .ARM.attributes
                0x0000089b       0x2e c:/chibistudio/tools/gnu tools arm embedded/4.7 2013q1/bin/../lib/gcc/arm-none-eabi/4.7.3/../../../../arm-none-eabi/lib/armv7e-m\libm.a(lib_a-ef_rem_pio2.o)
 .ARM.attributes
                0x000008c9       0x2e c:/chibistudio/tools/gnu tools arm embedded/4.7 2013q1/bin/../lib/gcc/arm-none-eabi/4.7.3/../../../../arm-none-eabi/lib/armv7e-m\libm.a(lib_a-ef_sqrt.o)
 .ARM.attributes
                0x000008f7       0x2e c:/chibistudio/tools/gnu tools arm embedded/4.7 2013q1/bin/../lib/gcc/arm-none-eabi/4.7.3/../../../../arm-none-eabi/lib/armv7e-m\libm.a(lib_a-kf_cos.o)
 .ARM.attributes
                0x00000925       0x2e c:/chibistudio/tools/gnu tools arm embedded/4.7 2013q1/bin/../lib/gcc/arm-none-eabi/4.7.3/../../../../arm-none-eabi/lib/armv7e-m\libm.a(lib_a-kf_rem_pio2.o)
 .ARM.attributes
                0x00000953       0x2e c:/chibistudio/tools/gnu tools arm embedded/4.7 2013q1/bin/../lib/gcc/arm-none-eabi/4.7.3/../../../../arm-none-eabi/lib/armv7e-m\libm.a(lib_a-kf_sin.o)
 .ARM.attributes
                0x00000981       0x2e c:/chibistudio/tools/gnu tools arm embedded/4.7 2013q1/bin/../lib/gcc/arm-none-eabi/4.7.3/../../../../arm-none-eabi/lib/armv7e-m\libm.a(lib_a-s_lib_ver.o)
 .ARM.attributes
                0x000009af       0x2e c:/chibistudio/tools/gnu tools arm embedded/4.7 2013q1/bin/../lib/gcc/arm-none-eabi/4.7.3/../../../../arm-none-eabi/lib/armv7e-m\libm.a(lib_a-s_matherr.o)
 .ARM.attributes
                0x000009dd       0x2e c:/chibistudio/tools/gnu tools arm embedded/4.7 2013q1/bin/../lib/gcc/arm-none-eabi/4.7.3/../../../../arm-none-eabi/lib/armv7e-m\libm.a(lib_a-s_rint.o)
 .ARM.attributes
                0x00000a0b       0x2e c:/chibistudio/tools/gnu tools arm embedded/4.7 2013q1/bin/../lib/gcc/arm-none-eabi/4.7.3/../../../../arm-none-eabi/lib/armv7e-m\libm.a(lib_a-sf_atan.o)
 .ARM.attributes
                0x00000a39       0x2e c:/chibistudio/tools/gnu tools arm embedded/4.7 2013q1/bin/../lib/gcc/arm-none-eabi/4.7.3/../../../../arm-none-eabi/lib/armv7e-m\libm.a(lib_a-sf_fabs.o)
 .ARM.attributes
                0x00000a67       0x2e c:/chibistudio/tools/gnu tools arm embedded/4.7 2013q1/bin/../lib/gcc/arm-none-eabi/4.7.3/../../../../arm-none-eabi/lib/armv7e-m\libm.a(lib_a-sf_finite.o)
 .ARM.attributes
                0x00000a95       0x2e c:/chibistudio/tools/gnu tools arm embedded/4.7 2013q1/bin/../lib/gcc/arm-none-eabi/4.7.3/../../../../arm-none-eabi/lib/armv7e-m\libm.a(lib_a-sf_floor.o)
 .ARM.attributes
                0x00000ac3       0x2e c:/chibistudio/tools/gnu tools arm embedded/4.7 2013q1/bin/../lib/gcc/arm-none-eabi/4.7.3/../../../../arm-none-eabi/lib/armv7e-m\libm.a(lib_a-sf_fpclassify.o)
 .ARM.attributes
                0x00000af1       0x2e c:/chibistudio/tools/gnu tools arm embedded/4.7 2013q1/bin/../lib/gcc/arm-none-eabi/4.7.3/../../../../arm-none-eabi/lib/armv7e-m\libm.a(lib_a-sf_nan.o)
 .ARM.attributes
                0x00000b1f       0x2e c:/chibistudio/tools/gnu tools arm embedded/4.7 2013q1/bin/../lib/gcc/arm-none-eabi/4.7.3/../../../../arm-none-eabi/lib/armv7e-m\libm.a(lib_a-sf_scalbn.o)
 .ARM.attributes
                0x00000b4d       0x2e c:/chibistudio/tools/gnu tools arm embedded/4.7 2013q1/bin/../lib/gcc/arm-none-eabi/4.7.3/../../../../arm-none-eabi/lib/armv7e-m\libm.a(lib_a-sf_copysign.o)
 .ARM.attributes
                0x00000b7b       0x1e c:/chibistudio/tools/gnu tools arm embedded/4.7 2013q1/bin/../lib/gcc/arm-none-eabi/4.7.3/armv7e-m\libgcc.a(_arm_addsubdf3.o)
 .ARM.attributes
                0x00000b99       0x1e c:/chibistudio/tools/gnu tools arm embedded/4.7 2013q1/bin/../lib/gcc/arm-none-eabi/4.7.3/armv7e-m\libgcc.a(_arm_muldivdf3.o)
 .ARM.attributes
                0x00000bb7       0x1e c:/chibistudio/tools/gnu tools arm embedded/4.7 2013q1/bin/../lib/gcc/arm-none-eabi/4.7.3/armv7e-m\libgcc.a(_arm_cmpdf2.o)
 .ARM.attributes
                0x00000bd5       0x1e c:/chibistudio/tools/gnu tools arm embedded/4.7 2013q1/bin/../lib/gcc/arm-none-eabi/4.7.3/armv7e-m\libgcc.a(_arm_fixdfsi.o)
 .ARM.attributes
                0x00000bf3       0x1e c:/chibistudio/tools/gnu tools arm embedded/4.7 2013q1/bin/../lib/gcc/arm-none-eabi/4.7.3/armv7e-m\libgcc.a(_arm_truncdfsf2.o)
 .ARM.attributes
                0x00000c11       0x1e c:/chibistudio/tools/gnu tools arm embedded/4.7 2013q1/bin/../lib/gcc/arm-none-eabi/4.7.3/armv7e-m\libgcc.a(_arm_addsubsf3.o)
 .ARM.attributes
                0x00000c2f       0x1e c:/chibistudio/tools/gnu tools arm embedded/4.7 2013q1/bin/../lib/gcc/arm-none-eabi/4.7.3/armv7e-m\libgcc.a(_arm_muldivsf3.o)
 .ARM.attributes
                0x00000c4d       0x1e c:/chibistudio/tools/gnu tools arm embedded/4.7 2013q1/bin/../lib/gcc/arm-none-eabi/4.7.3/armv7e-m\libgcc.a(_arm_cmpsf2.o)
 .ARM.attributes
                0x00000c6b       0x1e c:/chibistudio/tools/gnu tools arm embedded/4.7 2013q1/bin/../lib/gcc/arm-none-eabi/4.7.3/armv7e-m\libgcc.a(_arm_fixsfsi.o)
 .ARM.attributes
                0x00000c89       0x2e c:/chibistudio/tools/gnu tools arm embedded/4.7 2013q1/bin/../lib/gcc/arm-none-eabi/4.7.3/../../../../arm-none-eabi/lib/armv7e-m\libc.a(lib_a-errno.o)
 .ARM.attributes
                0x00000cb7       0x2e c:/chibistudio/tools/gnu tools arm embedded/4.7 2013q1/bin/../lib/gcc/arm-none-eabi/4.7.3/../../../../arm-none-eabi/lib/armv7e-m\libc.a(lib_a-impure.o)
 .ARM.attributes
                0x00000ce5       0x2e c:/chibistudio/tools/gnu tools arm embedded/4.7 2013q1/bin/../lib/gcc/arm-none-eabi/4.7.3/../../../../arm-none-eabi/lib/armv7e-m\libc.a(lib_a-memcpy.o)
 .ARM.attributes
                0x00000d13       0x2e c:/chibistudio/tools/gnu tools arm embedded/4.7 2013q1/bin/../lib/gcc/arm-none-eabi/4.7.3/../../../../arm-none-eabi/lib/armv7e-m\libc.a(lib_a-memset.o)

.debug_frame    0x00000000      0x444
 .debug_frame   0x00000000       0x28 c:/chibistudio/tools/gnu tools arm embedded/4.7 2013q1/bin/../lib/gcc/arm-none-eabi/4.7.3/../../../../arm-none-eabi/lib/armv7e-m\libm.a(lib_a-sf_cos.o)
 .debug_frame   0x00000028       0x28 c:/chibistudio/tools/gnu tools arm embedded/4.7 2013q1/bin/../lib/gcc/arm-none-eabi/4.7.3/../../../../arm-none-eabi/lib/armv7e-m\libm.a(lib_a-sf_sin.o)
 .debug_frame   0x00000050       0x20 c:/chibistudio/tools/gnu tools arm embedded/4.7 2013q1/bin/../lib/gcc/arm-none-eabi/4.7.3/../../../../arm-none-eabi/lib/armv7e-m\libm.a(lib_a-wf_atan2.o)
 .debug_frame   0x00000070       0x34 c:/chibistudio/tools/gnu tools arm embedded/4.7 2013q1/bin/../lib/gcc/arm-none-eabi/4.7.3/../../../../arm-none-eabi/lib/armv7e-m\libm.a(lib_a-wf_pow.o)
 .debug_frame   0x000000a4       0x30 c:/chibistudio/tools/gnu tools arm embedded/4.7 2013q1/bin/../lib/gcc/arm-none-eabi/4.7.3/../../../../arm-none-eabi/lib/armv7e-m\libm.a(lib_a-wf_sqrt.o)
 .debug_frame   0x000000d4       0x30 c:/chibistudio/tools/gnu tools arm embedded/4.7 2013q1/bin/../lib/gcc/arm-none-eabi/4.7.3/../../../../arm-none-eabi/lib/armv7e-m\libm.a(lib_a-ef_atan2.o)
 .debug_frame   0x00000104       0x38 c:/chibistudio/tools/gnu tools arm embedded/4.7 2013q1/bin/../lib/gcc/arm-none-eabi/4.7.3/../../../../arm-none-eabi/lib/armv7e-m\libm.a(lib_a-ef_pow.o)
 .debug_frame   0x0000013c       0x38 c:/chibistudio/tools/gnu tools arm embedded/4.7 2013q1/bin/../lib/gcc/arm-none-eabi/4.7.3/../../../../arm-none-eabi/lib/armv7e-m\libm.a(lib_a-ef_rem_pio2.o)
 .debug_frame   0x00000174       0x30 c:/chibistudio/tools/gnu tools arm embedded/4.7 2013q1/bin/../lib/gcc/arm-none-eabi/4.7.3/../../../../arm-none-eabi/lib/armv7e-m\libm.a(lib_a-ef_sqrt.o)
 .debug_frame   0x000001a4       0x34 c:/chibistudio/tools/gnu tools arm embedded/4.7 2013q1/bin/../lib/gcc/arm-none-eabi/4.7.3/../../../../arm-none-eabi/lib/armv7e-m\libm.a(lib_a-kf_cos.o)
 .debug_frame   0x000001d8       0x3c c:/chibistudio/tools/gnu tools arm embedded/4.7 2013q1/bin/../lib/gcc/arm-none-eabi/4.7.3/../../../../arm-none-eabi/lib/armv7e-m\libm.a(lib_a-kf_rem_pio2.o)
 .debug_frame   0x00000214       0x34 c:/chibistudio/tools/gnu tools arm embedded/4.7 2013q1/bin/../lib/gcc/arm-none-eabi/4.7.3/../../../../arm-none-eabi/lib/armv7e-m\libm.a(lib_a-kf_sin.o)
 .debug_frame   0x00000248       0x20 c:/chibistudio/tools/gnu tools arm embedded/4.7 2013q1/bin/../lib/gcc/arm-none-eabi/4.7.3/../../../../arm-none-eabi/lib/armv7e-m\libm.a(lib_a-s_matherr.o)
 .debug_frame   0x00000268       0x34 c:/chibistudio/tools/gnu tools arm embedded/4.7 2013q1/bin/../lib/gcc/arm-none-eabi/4.7.3/../../../../arm-none-eabi/lib/armv7e-m\libm.a(lib_a-s_rint.o)
 .debug_frame   0x0000029c       0x30 c:/chibistudio/tools/gnu tools arm embedded/4.7 2013q1/bin/../lib/gcc/arm-none-eabi/4.7.3/../../../../arm-none-eabi/lib/armv7e-m\libm.a(lib_a-sf_atan.o)
 .debug_frame   0x000002cc       0x20 c:/chibistudio/tools/gnu tools arm embedded/4.7 2013q1/bin/../lib/gcc/arm-none-eabi/4.7.3/../../../../arm-none-eabi/lib/armv7e-m\libm.a(lib_a-sf_fabs.o)
 .debug_frame   0x000002ec       0x20 c:/chibistudio/tools/gnu tools arm embedded/4.7 2013q1/bin/../lib/gcc/arm-none-eabi/4.7.3/../../../../arm-none-eabi/lib/armv7e-m\libm.a(lib_a-sf_finite.o)
 .debug_frame   0x0000030c       0x30 c:/chibistudio/tools/gnu tools arm embedded/4.7 2013q1/bin/../lib/gcc/arm-none-eabi/4.7.3/../../../../arm-none-eabi/lib/armv7e-m\libm.a(lib_a-sf_floor.o)
 .debug_frame   0x0000033c       0x20 c:/chibistudio/tools/gnu tools arm embedded/4.7 2013q1/bin/../lib/gcc/arm-none-eabi/4.7.3/../../../../arm-none-eabi/lib/armv7e-m\libm.a(lib_a-sf_fpclassify.o)
 .debug_frame   0x0000035c       0x20 c:/chibistudio/tools/gnu tools arm embedded/4.7 2013q1/bin/../lib/gcc/arm-none-eabi/4.7.3/../../../../arm-none-eabi/lib/armv7e-m\libm.a(lib_a-sf_nan.o)
 .debug_frame   0x0000037c       0x2c c:/chibistudio/tools/gnu tools arm embedded/4.7 2013q1/bin/../lib/gcc/arm-none-eabi/4.7.3/../../../../arm-none-eabi/lib/armv7e-m\libm.a(lib_a-sf_scalbn.o)
 .debug_frame   0x000003a8       0x20 c:/chibistudio/tools/gnu tools arm embedded/4.7 2013q1/bin/../lib/gcc/arm-none-eabi/4.7.3/../../../../arm-none-eabi/lib/armv7e-m\libm.a(lib_a-sf_copysign.o)
 .debug_frame   0x000003c8       0x20 c:/chibistudio/tools/gnu tools arm embedded/4.7 2013q1/bin/../lib/gcc/arm-none-eabi/4.7.3/../../../../arm-none-eabi/lib/armv7e-m\libc.a(lib_a-errno.o)
 .debug_frame   0x000003e8       0x30 c:/chibistudio/tools/gnu tools arm embedded/4.7 2013q1/bin/../lib/gcc/arm-none-eabi/4.7.3/../../../../arm-none-eabi/lib/armv7e-m\libc.a(lib_a-memcpy.o)
 .debug_frame   0x00000418       0x2c c:/chibistudio/tools/gnu tools arm embedded/4.7 2013q1/bin/../lib/gcc/arm-none-eabi/4.7.3/../../../../arm-none-eabi/lib/armv7e-m\libc.a(lib_a-memset.o)

Cross Reference Table

Symbol                                            File
BusFaultVector                                    build/obj/vectors.o
DebugMonitorVector                                build/obj/vectors.o
HardFaultVector                                   build/obj/vectors.o
MemManageVector                                   build/obj/vectors.o
NMIVector                                         build/obj/vectors.o
OD1                                               build/obj/oled.o
                                                  build/obj/main.o
OLEDStart                                         build/obj/oled.o
                                                  build/obj/main.o
OLED_clear_frame_buffer                           build/obj/oled.o
                                                  build/obj/main.o
OLED_clear_screen                                 build/obj/oled.o
OLED_draw_char                                    build/obj/oled.o
OLED_draw_string                                  build/obj/oled.o
                                                  build/obj/main.o
OLED_exit_partial_display                         build/obj/oled.o
OLED_fill_block                                   build/obj/oled.o
OLED_fill_ram                                     build/obj/oled.o
OLED_grayscale                                    build/obj/oled.o
OLED_put_frame_buffer                             build/obj/oled.o
                                                  build/obj/main.o
OLED_put_pixel                                    build/obj/oled.o
OLED_set_column_address                           build/obj/oled.o
OLED_set_command_lock                             build/obj/oled.o
OLED_set_contrast_current                         build/obj/oled.o
OLED_set_display_clock                            build/obj/oled.o
OLED_set_display_enhancement_a                    build/obj/oled.o
OLED_set_display_enhancement_b                    build/obj/oled.o
OLED_set_display_mode                             build/obj/oled.o
OLED_set_display_offset                           build/obj/oled.o
OLED_set_display_on_off                           build/obj/oled.o
OLED_set_function_selection                       build/obj/oled.o
OLED_set_gpio                                     build/obj/oled.o
OLED_set_linear_gray_scale_table                  build/obj/oled.o
OLED_set_master_current                           build/obj/oled.o
OLED_set_multiplex_ratio                          build/obj/oled.o
OLED_set_partial_display                          build/obj/oled.o
OLED_set_phase_length                             build/obj/oled.o
OLED_set_precharge_period                         build/obj/oled.o
OLED_set_precharge_voltage                        build/obj/oled.o
OLED_set_read_ram                                 build/obj/oled.o
OLED_set_remap_format                             build/obj/oled.o
OLED_set_row_address                              build/obj/oled.o
OLED_set_start_line                               build/obj/oled.o
OLED_set_vcomh                                    build/obj/oled.o
OLED_set_write_ram                                build/obj/oled.o
OLED_write_command                                build/obj/oled.o
OLED_write_data                                   build/obj/oled.o
PendSVVector                                      build/obj/vectors.o
RTCD1                                             build/obj/rtc_lld.o
                                                  build/obj/main.o
ResetHandler                                      build/obj/crt0.o
                                                  build/obj/vectors.o
SD1                                               build/obj/serial_lld.o
                                                  build/obj/main.o
SPID1                                             build/obj/spi_lld.o
                                                  build/obj/main.o
SVCallVector                                      build/obj/chcore_v7m.o
                                                  build/obj/vectors.o
SysTickVector                                     build/obj/chcore_v7m.o
                                                  build/obj/vectors.o
UsageFaultVector                                  build/obj/vectors.o
Vector100                                         build/obj/vectors.o
Vector104                                         build/obj/vectors.o
Vector108                                         build/obj/vectors.o
Vector10C                                         build/obj/vectors.o
Vector110                                         build/obj/vectors.o
Vector114                                         build/obj/vectors.o
Vector118                                         build/obj/vectors.o
Vector11C                                         build/obj/vectors.o
Vector120                                         build/obj/stm32_dma.o
                                                  build/obj/vectors.o
Vector124                                         build/obj/stm32_dma.o
                                                  build/obj/vectors.o
Vector128                                         build/obj/stm32_dma.o
                                                  build/obj/vectors.o
Vector12C                                         build/obj/stm32_dma.o
                                                  build/obj/vectors.o
Vector130                                         build/obj/stm32_dma.o
                                                  build/obj/vectors.o
Vector134                                         build/obj/vectors.o
Vector138                                         build/obj/vectors.o
Vector13C                                         build/obj/vectors.o
Vector140                                         build/obj/vectors.o
Vector144                                         build/obj/vectors.o
Vector148                                         build/obj/vectors.o
Vector14C                                         build/obj/vectors.o
Vector150                                         build/obj/stm32_dma.o
                                                  build/obj/vectors.o
Vector154                                         build/obj/stm32_dma.o
                                                  build/obj/vectors.o
Vector158                                         build/obj/stm32_dma.o
                                                  build/obj/vectors.o
Vector15C                                         build/obj/vectors.o
Vector160                                         build/obj/vectors.o
Vector164                                         build/obj/vectors.o
Vector168                                         build/obj/vectors.o
Vector16C                                         build/obj/vectors.o
Vector170                                         build/obj/vectors.o
Vector174                                         build/obj/vectors.o
Vector178                                         build/obj/vectors.o
Vector17C                                         build/obj/vectors.o
Vector180                                         build/obj/vectors.o
Vector184                                         build/obj/vectors.o
Vector1C                                          build/obj/vectors.o
Vector20                                          build/obj/vectors.o
Vector24                                          build/obj/vectors.o
Vector28                                          build/obj/vectors.o
Vector34                                          build/obj/vectors.o
Vector40                                          build/obj/vectors.o
Vector44                                          build/obj/vectors.o
Vector48                                          build/obj/vectors.o
Vector4C                                          build/obj/vectors.o
Vector50                                          build/obj/vectors.o
Vector54                                          build/obj/vectors.o
Vector58                                          build/obj/vectors.o
Vector5C                                          build/obj/vectors.o
Vector60                                          build/obj/vectors.o
Vector64                                          build/obj/vectors.o
Vector68                                          build/obj/vectors.o
Vector6C                                          build/obj/stm32_dma.o
                                                  build/obj/vectors.o
Vector70                                          build/obj/stm32_dma.o
                                                  build/obj/vectors.o
Vector74                                          build/obj/stm32_dma.o
                                                  build/obj/vectors.o
Vector78                                          build/obj/stm32_dma.o
                                                  build/obj/vectors.o
Vector7C                                          build/obj/stm32_dma.o
                                                  build/obj/vectors.o
Vector80                                          build/obj/stm32_dma.o
                                                  build/obj/vectors.o
Vector84                                          build/obj/stm32_dma.o
                                                  build/obj/vectors.o
Vector88                                          build/obj/vectors.o
Vector8C                                          build/obj/vectors.o
Vector90                                          build/obj/vectors.o
Vector94                                          build/obj/vectors.o
Vector98                                          build/obj/vectors.o
Vector9C                                          build/obj/vectors.o
VectorA0                                          build/obj/vectors.o
VectorA4                                          build/obj/vectors.o
VectorA8                                          build/obj/vectors.o
VectorAC                                          build/obj/vectors.o
VectorB0                                          build/obj/vectors.o
VectorB4                                          build/obj/vectors.o
VectorB8                                          build/obj/vectors.o
VectorBC                                          build/obj/vectors.o
VectorC0                                          build/obj/vectors.o
VectorC4                                          build/obj/vectors.o
VectorC8                                          build/obj/vectors.o
VectorCC                                          build/obj/vectors.o
VectorD0                                          build/obj/vectors.o
VectorD4                                          build/obj/serial_lld.o
                                                  build/obj/vectors.o
VectorD8                                          build/obj/vectors.o
VectorDC                                          build/obj/vectors.o
VectorE0                                          build/obj/vectors.o
VectorE4                                          build/obj/vectors.o
VectorE8                                          build/obj/vectors.o
VectorEC                                          build/obj/vectors.o
VectorF0                                          build/obj/vectors.o
VectorF4                                          build/obj/vectors.o
VectorF8                                          build/obj/vectors.o
VectorFC                                          build/obj/stm32_dma.o
                                                  build/obj/vectors.o
__adddf3                                          c:/chibistudio/tools/gnu tools arm embedded/4.7 2013q1/bin/../lib/gcc/arm-none-eabi/4.7.3/armv7e-m\libgcc.a(_arm_addsubdf3.o)
__addsf3                                          c:/chibistudio/tools/gnu tools arm embedded/4.7 2013q1/bin/../lib/gcc/arm-none-eabi/4.7.3/armv7e-m\libgcc.a(_arm_addsubsf3.o)
__aeabi_cdcmpeq                                   c:/chibistudio/tools/gnu tools arm embedded/4.7 2013q1/bin/../lib/gcc/arm-none-eabi/4.7.3/armv7e-m\libgcc.a(_arm_cmpdf2.o)
__aeabi_cdcmple                                   c:/chibistudio/tools/gnu tools arm embedded/4.7 2013q1/bin/../lib/gcc/arm-none-eabi/4.7.3/armv7e-m\libgcc.a(_arm_cmpdf2.o)
__aeabi_cdrcmple                                  c:/chibistudio/tools/gnu tools arm embedded/4.7 2013q1/bin/../lib/gcc/arm-none-eabi/4.7.3/armv7e-m\libgcc.a(_arm_cmpdf2.o)
__aeabi_cfcmpeq                                   c:/chibistudio/tools/gnu tools arm embedded/4.7 2013q1/bin/../lib/gcc/arm-none-eabi/4.7.3/armv7e-m\libgcc.a(_arm_cmpsf2.o)
__aeabi_cfcmple                                   c:/chibistudio/tools/gnu tools arm embedded/4.7 2013q1/bin/../lib/gcc/arm-none-eabi/4.7.3/armv7e-m\libgcc.a(_arm_cmpsf2.o)
__aeabi_cfrcmple                                  c:/chibistudio/tools/gnu tools arm embedded/4.7 2013q1/bin/../lib/gcc/arm-none-eabi/4.7.3/armv7e-m\libgcc.a(_arm_cmpsf2.o)
__aeabi_d2f                                       c:/chibistudio/tools/gnu tools arm embedded/4.7 2013q1/bin/../lib/gcc/arm-none-eabi/4.7.3/armv7e-m\libgcc.a(_arm_truncdfsf2.o)
                                                  c:/chibistudio/tools/gnu tools arm embedded/4.7 2013q1/bin/../lib/gcc/arm-none-eabi/4.7.3/../../../../arm-none-eabi/lib/armv7e-m\libm.a(lib_a-wf_sqrt.o)
                                                  c:/chibistudio/tools/gnu tools arm embedded/4.7 2013q1/bin/../lib/gcc/arm-none-eabi/4.7.3/../../../../arm-none-eabi/lib/armv7e-m\libm.a(lib_a-wf_pow.o)
                                                  build/obj/chprintf.o
__aeabi_d2iz                                      c:/chibistudio/tools/gnu tools arm embedded/4.7 2013q1/bin/../lib/gcc/arm-none-eabi/4.7.3/armv7e-m\libgcc.a(_arm_fixdfsi.o)
                                                  build/obj/chprintf.o
__aeabi_dadd                                      c:/chibistudio/tools/gnu tools arm embedded/4.7 2013q1/bin/../lib/gcc/arm-none-eabi/4.7.3/armv7e-m\libgcc.a(_arm_addsubdf3.o)
                                                  c:/chibistudio/tools/gnu tools arm embedded/4.7 2013q1/bin/../lib/gcc/arm-none-eabi/4.7.3/../../../../arm-none-eabi/lib/armv7e-m\libm.a(lib_a-s_rint.o)
__aeabi_dcmpeq                                    c:/chibistudio/tools/gnu tools arm embedded/4.7 2013q1/bin/../lib/gcc/arm-none-eabi/4.7.3/armv7e-m\libgcc.a(_arm_cmpdf2.o)
                                                  c:/chibistudio/tools/gnu tools arm embedded/4.7 2013q1/bin/../lib/gcc/arm-none-eabi/4.7.3/../../../../arm-none-eabi/lib/armv7e-m\libm.a(lib_a-wf_pow.o)
__aeabi_dcmpge                                    c:/chibistudio/tools/gnu tools arm embedded/4.7 2013q1/bin/../lib/gcc/arm-none-eabi/4.7.3/armv7e-m\libgcc.a(_arm_cmpdf2.o)
__aeabi_dcmpgt                                    c:/chibistudio/tools/gnu tools arm embedded/4.7 2013q1/bin/../lib/gcc/arm-none-eabi/4.7.3/armv7e-m\libgcc.a(_arm_cmpdf2.o)
__aeabi_dcmple                                    c:/chibistudio/tools/gnu tools arm embedded/4.7 2013q1/bin/../lib/gcc/arm-none-eabi/4.7.3/armv7e-m\libgcc.a(_arm_cmpdf2.o)
__aeabi_dcmplt                                    c:/chibistudio/tools/gnu tools arm embedded/4.7 2013q1/bin/../lib/gcc/arm-none-eabi/4.7.3/armv7e-m\libgcc.a(_arm_cmpdf2.o)
__aeabi_ddiv                                      c:/chibistudio/tools/gnu tools arm embedded/4.7 2013q1/bin/../lib/gcc/arm-none-eabi/4.7.3/armv7e-m\libgcc.a(_arm_muldivdf3.o)
                                                  c:/chibistudio/tools/gnu tools arm embedded/4.7 2013q1/bin/../lib/gcc/arm-none-eabi/4.7.3/../../../../arm-none-eabi/lib/armv7e-m\libm.a(lib_a-wf_sqrt.o)
                                                  c:/chibistudio/tools/gnu tools arm embedded/4.7 2013q1/bin/../lib/gcc/arm-none-eabi/4.7.3/../../../../arm-none-eabi/lib/armv7e-m\libm.a(lib_a-wf_pow.o)
__aeabi_dmul                                      c:/chibistudio/tools/gnu tools arm embedded/4.7 2013q1/bin/../lib/gcc/arm-none-eabi/4.7.3/armv7e-m\libgcc.a(_arm_muldivdf3.o)
                                                  build/obj/chprintf.o
__aeabi_drsub                                     c:/chibistudio/tools/gnu tools arm embedded/4.7 2013q1/bin/../lib/gcc/arm-none-eabi/4.7.3/armv7e-m\libgcc.a(_arm_addsubdf3.o)
__aeabi_dsub                                      c:/chibistudio/tools/gnu tools arm embedded/4.7 2013q1/bin/../lib/gcc/arm-none-eabi/4.7.3/armv7e-m\libgcc.a(_arm_addsubdf3.o)
                                                  c:/chibistudio/tools/gnu tools arm embedded/4.7 2013q1/bin/../lib/gcc/arm-none-eabi/4.7.3/../../../../arm-none-eabi/lib/armv7e-m\libm.a(lib_a-s_rint.o)
                                                  build/obj/chprintf.o
__aeabi_f2d                                       c:/chibistudio/tools/gnu tools arm embedded/4.7 2013q1/bin/../lib/gcc/arm-none-eabi/4.7.3/armv7e-m\libgcc.a(_arm_addsubdf3.o)
                                                  c:/chibistudio/tools/gnu tools arm embedded/4.7 2013q1/bin/../lib/gcc/arm-none-eabi/4.7.3/../../../../arm-none-eabi/lib/armv7e-m\libm.a(lib_a-wf_sqrt.o)
                                                  c:/chibistudio/tools/gnu tools arm embedded/4.7 2013q1/bin/../lib/gcc/arm-none-eabi/4.7.3/../../../../arm-none-eabi/lib/armv7e-m\libm.a(lib_a-wf_pow.o)
                                                  build/obj/main.o
                                                  build/obj/chprintf.o
__aeabi_f2iz                                      c:/chibistudio/tools/gnu tools arm embedded/4.7 2013q1/bin/../lib/gcc/arm-none-eabi/4.7.3/armv7e-m\libgcc.a(_arm_fixsfsi.o)
                                                  c:/chibistudio/tools/gnu tools arm embedded/4.7 2013q1/bin/../lib/gcc/arm-none-eabi/4.7.3/../../../../arm-none-eabi/lib/armv7e-m\libm.a(lib_a-kf_sin.o)
                                                  c:/chibistudio/tools/gnu tools arm embedded/4.7 2013q1/bin/../lib/gcc/arm-none-eabi/4.7.3/../../../../arm-none-eabi/lib/armv7e-m\libm.a(lib_a-kf_rem_pio2.o)
                                                  c:/chibistudio/tools/gnu tools arm embedded/4.7 2013q1/bin/../lib/gcc/arm-none-eabi/4.7.3/../../../../arm-none-eabi/lib/armv7e-m\libm.a(lib_a-kf_cos.o)
                                                  c:/chibistudio/tools/gnu tools arm embedded/4.7 2013q1/bin/../lib/gcc/arm-none-eabi/4.7.3/../../../../arm-none-eabi/lib/armv7e-m\libm.a(lib_a-ef_rem_pio2.o)
__aeabi_fadd                                      c:/chibistudio/tools/gnu tools arm embedded/4.7 2013q1/bin/../lib/gcc/arm-none-eabi/4.7.3/armv7e-m\libgcc.a(_arm_addsubsf3.o)
                                                  c:/chibistudio/tools/gnu tools arm embedded/4.7 2013q1/bin/../lib/gcc/arm-none-eabi/4.7.3/../../../../arm-none-eabi/lib/armv7e-m\libm.a(lib_a-sf_scalbn.o)
                                                  c:/chibistudio/tools/gnu tools arm embedded/4.7 2013q1/bin/../lib/gcc/arm-none-eabi/4.7.3/../../../../arm-none-eabi/lib/armv7e-m\libm.a(lib_a-sf_floor.o)
                                                  c:/chibistudio/tools/gnu tools arm embedded/4.7 2013q1/bin/../lib/gcc/arm-none-eabi/4.7.3/../../../../arm-none-eabi/lib/armv7e-m\libm.a(lib_a-sf_atan.o)
                                                  c:/chibistudio/tools/gnu tools arm embedded/4.7 2013q1/bin/../lib/gcc/arm-none-eabi/4.7.3/../../../../arm-none-eabi/lib/armv7e-m\libm.a(lib_a-kf_sin.o)
                                                  c:/chibistudio/tools/gnu tools arm embedded/4.7 2013q1/bin/../lib/gcc/arm-none-eabi/4.7.3/../../../../arm-none-eabi/lib/armv7e-m\libm.a(lib_a-kf_rem_pio2.o)
                                                  c:/chibistudio/tools/gnu tools arm embedded/4.7 2013q1/bin/../lib/gcc/arm-none-eabi/4.7.3/../../../../arm-none-eabi/lib/armv7e-m\libm.a(lib_a-kf_cos.o)
                                                  c:/chibistudio/tools/gnu tools arm embedded/4.7 2013q1/bin/../lib/gcc/arm-none-eabi/4.7.3/../../../../arm-none-eabi/lib/armv7e-m\libm.a(lib_a-ef_sqrt.o)
                                                  c:/chibistudio/tools/gnu tools arm embedded/4.7 2013q1/bin/../lib/gcc/arm-none-eabi/4.7.3/../../../../arm-none-eabi/lib/armv7e-m\libm.a(lib_a-ef_rem_pio2.o)
                                                  c:/chibistudio/tools/gnu tools arm embedded/4.7 2013q1/bin/../lib/gcc/arm-none-eabi/4.7.3/../../../../arm-none-eabi/lib/armv7e-m\libm.a(lib_a-ef_pow.o)
                                                  c:/chibistudio/tools/gnu tools arm embedded/4.7 2013q1/bin/../lib/gcc/arm-none-eabi/4.7.3/../../../../arm-none-eabi/lib/armv7e-m\libm.a(lib_a-ef_atan2.o)
__aeabi_fcmpeq                                    c:/chibistudio/tools/gnu tools arm embedded/4.7 2013q1/bin/../lib/gcc/arm-none-eabi/4.7.3/armv7e-m\libgcc.a(_arm_cmpsf2.o)
                                                  c:/chibistudio/tools/gnu tools arm embedded/4.7 2013q1/bin/../lib/gcc/arm-none-eabi/4.7.3/../../../../arm-none-eabi/lib/armv7e-m\libm.a(lib_a-kf_rem_pio2.o)
                                                  c:/chibistudio/tools/gnu tools arm embedded/4.7 2013q1/bin/../lib/gcc/arm-none-eabi/4.7.3/../../../../arm-none-eabi/lib/armv7e-m\libm.a(lib_a-ef_rem_pio2.o)
                                                  c:/chibistudio/tools/gnu tools arm embedded/4.7 2013q1/bin/../lib/gcc/arm-none-eabi/4.7.3/../../../../arm-none-eabi/lib/armv7e-m\libm.a(lib_a-wf_pow.o)
__aeabi_fcmpge                                    c:/chibistudio/tools/gnu tools arm embedded/4.7 2013q1/bin/../lib/gcc/arm-none-eabi/4.7.3/armv7e-m\libgcc.a(_arm_cmpsf2.o)
                                                  c:/chibistudio/tools/gnu tools arm embedded/4.7 2013q1/bin/../lib/gcc/arm-none-eabi/4.7.3/../../../../arm-none-eabi/lib/armv7e-m\libm.a(lib_a-kf_rem_pio2.o)
__aeabi_fcmpgt                                    c:/chibistudio/tools/gnu tools arm embedded/4.7 2013q1/bin/../lib/gcc/arm-none-eabi/4.7.3/armv7e-m\libgcc.a(_arm_cmpsf2.o)